<html>
<body>
<pre>
<h1>礦ision Build Log</h1>
<h2>Tool Versions:</h2>
IDE-Version: μVision V5.33.0.0
Copyright (C) 2020 ARM Ltd and ARM Germany GmbH. All rights reserved.
License Information: A hg76620659@outlook.com, AA, LIC=TIVNB-28RA1-KPPZY-IGYY4-W7ZGZ-PRRWG
 
Tool Versions:
Toolchain:       MDK-ARM Plus  Version: 5.33.0.0
Toolchain Path:  D:\keil_V5.33\ARM\ARMCC\Bin
C Compiler:      Armcc.exe V5.06 update 7 (build 960)
Assembler:       Armasm.exe V5.06 update 7 (build 960)
Linker/Locator:  ArmLink.exe V5.06 update 7 (build 960)
Library Manager: ArmAr.exe V5.06 update 7 (build 960)
Hex Converter:   FromElf.exe V5.06 update 7 (build 960)
CPU DLL:         SARMCM3.DLL V5.33.0.0
Dialog DLL:      DCM.DLL V1.17.3.0
Target DLL:      STLink\ST-LINKIII-KEIL_SWO.dll V3.0.8.0
Dialog DLL:      TCM.DLL V1.48.0.0
 
<h2>Project:</h2>
D:\华大\RS485\RX485X\MDK\adc_base.uvprojx
Project File Date:  03/28/2024

<h2>Output:</h2>
*** Using Compiler 'V5.06 update 7 (build 960)', folder: 'D:\keil_V5.33\ARM\ARMCC\Bin'
Rebuild target 'adc_base_Debug'
assembling startup_hc32f460.s...
compiling hc32_ll_icg.c...
compiling hc32_ll_efm.c...
compiling hc32_ll_keyscan.c...
compiling hc32_ll_sram.c...
compiling hc32_ll_gpio.c...
compiling system_hc32f460.c...
compiling hc32_ll_fcg.c...
compiling hc32_ll_tmr0.c...
compiling hc32_ll_adc.c...
compiling hc32_ll_interrupts.c...
compiling hc32_ll_clk.c...
compiling hc32_ll_pwc.c...
compiling hc32_ll.c...
compiling hc32_ll_usart.c...
compiling main.c...
compiling hc32_ll_utility.c...
compiling hc32_ll_aos.c...
compiling hc32_ll_dma.c...
compiling hc32_ll_rtc.c...
compiling hc32_ll_spi.c...
compiling hc32_ll_i2c.c...
compiling ev_hc32f460_lqfp100_v2.c...
compiling net_thread.c...
compiling gps_thread.c...
compiling gps_port.c...
compiling rtc_thread.c...
compiling rtc_port.c...
compiling beep_port.c...
compiling led_beep_thread.c...
compiling led_port.c...
compiling arm_cos_f32.c...
compiling arm_sin_f32.c...
compiling led_function.c...
compiling gpio.c...
compiling timer.c...
compiling usart.c...
compiling adc.c...
compiling bsp_i2c.c...
compiling arm_mat_add_f32.c...
compiling arm_mat_inverse_f32.c...
compiling icm20689.c...
compiling arm_mat_mult_f32.c...
compiling arm_mat_sub_f32.c...
compiling arm_mat_trans_f32.c...
compiling RTX_Conf_CM.c...
compiling common_c.c...
compiling flash_port.c...
compiling flash_function.c...
compiling stack.c...
compiling power_port.c...
compiling RX8025T.c...
compiling lpf.c...
compiling fmath.c...
compiling ins.c...
compiling imu.c...
compiling data_buf.c...
linking...
Program Size: Code=58344 RO-data=73784 RW-data=7896 ZI-data=72768  
FromELF: creating hex file...
After Build - User command #1: D:\keil_V5.33\\ARM\ARMCC\bin\fromelf.exe --bin --output=adc_base.bin .\output\debug\adc_base.axf
".\output\debug\adc_base.axf" - 0 Error(s), 0 Warning(s).

<h2>Software Packages used:</h2>

Package Vendor: ARM
                http://www.keil.com/pack/ARM.CMSIS.5.7.0.pack
                ARM.CMSIS.5.7.0
                CMSIS (Cortex Microcontroller Software Interface Standard)
   * Component: RTOS Version: 1.0.0
   * Component: CORE Version: 5.4.0
   * Component: Keil RTX Version: 4.82.0

Package Vendor: HDSC
                https://raw.githubusercontent.com/hdscmcu/pack/master/HDSC.HC32F460.1.0.11.pack
                HDSC.HC32F460.1.0.11
                HC32F460 ARM Cortex-M4 Device Family Pack

<h2>Collection of Component include folders:</h2>
  .\RTE\_adc_base_Debug
  D:\keil_V5.33_使用期限至2032年\ARM\CMSIS\5.7.0\CMSIS\Core\Include
  D:\keil_V5.33_使用期限至2032年\ARM\CMSIS\5.7.0\CMSIS\RTOS\RTX\INC
  D:\keil_V5.33_使用期限至2032年\HDSC\HC32F460\1.0.11\Device\Include

<h2>Collection of Component Files used:</h2>

   * Component: ::CMSIS:RTOS:1.0.0 (API)

   * Component: ARM::CMSIS:CORE:5.4.0

   * Component: ARM::CMSIS:RTOS:Keil RTX:4.82.0
      Source file:   CMSIS\RTOS\RTX\UserCodeTemplates\Thread.c
      Source file:   CMSIS\RTOS\RTX\UserCodeTemplates\MailQueue.c
      Include file:  CMSIS\RTOS\RTX\UserCodeTemplates\osObjects.h
      Source file:   CMSIS\RTOS\RTX\UserCodeTemplates\MemPool.c
      Source file:   CMSIS\RTOS\RTX\Templates\RTX_Conf_CM.c
      Source file:   CMSIS\RTOS\RTX\UserCodeTemplates\main.c
      Source file:   CMSIS\RTOS\RTX\UserCodeTemplates\MsgQueue.c
      Source file:   CMSIS\RTOS\RTX\UserCodeTemplates\Mutex.c
      Source file:   CMSIS\RTOS\RTX\UserCodeTemplates\Timer.c
      Source file:   CMSIS\RTOS\RTX\UserCodeTemplates\Semaphore.c
      Source file:   CMSIS\RTOS\RTX\SRC\ARM\SVC_Table.s
      Include file:  CMSIS\RTOS\RTX\INC\cmsis_os.h
      Library file:  CMSIS\RTOS\RTX\LIB\ARM\RTX_CM4.lib
Build Time Elapsed:  00:00:06
</pre>
</body>
</html>
