Component: ARM Compiler 5.06 update 7 (build 960) Tool: armlink [4d3601]

==============================================================================

Section Cross References

    startup_hc32f460.o(RESET) refers to startup_hc32f460.o(STACK) for __initial_sp
    startup_hc32f460.o(RESET) refers to startup_hc32f460.o(.text) for Reset_Handler
    startup_hc32f460.o(RESET) refers to hal_cm4.o(.emb_text) for SVC_Handler
    startup_hc32f460.o(RESET) refers to hc32_ll_interrupts.o(i.IRQ000_Handler) for IRQ000_Handler
    startup_hc32f460.o(RESET) refers to hc32_ll_interrupts.o(i.IRQ001_Handler) for IRQ001_Handler
    startup_hc32f460.o(RESET) refers to hc32_ll_interrupts.o(i.IRQ002_Handler) for IRQ002_Handler
    startup_hc32f460.o(RESET) refers to hc32_ll_interrupts.o(i.IRQ003_Handler) for IRQ003_Handler
    startup_hc32f460.o(RESET) refers to hc32_ll_interrupts.o(i.IRQ004_Handler) for IRQ004_Handler
    startup_hc32f460.o(RESET) refers to hc32_ll_interrupts.o(i.IRQ005_Handler) for IRQ005_Handler
    startup_hc32f460.o(RESET) refers to hc32_ll_interrupts.o(i.IRQ006_Handler) for IRQ006_Handler
    startup_hc32f460.o(RESET) refers to hc32_ll_interrupts.o(i.IRQ007_Handler) for IRQ007_Handler
    startup_hc32f460.o(RESET) refers to hc32_ll_interrupts.o(i.IRQ008_Handler) for IRQ008_Handler
    startup_hc32f460.o(RESET) refers to hc32_ll_interrupts.o(i.IRQ009_Handler) for IRQ009_Handler
    startup_hc32f460.o(RESET) refers to hc32_ll_interrupts.o(i.IRQ010_Handler) for IRQ010_Handler
    startup_hc32f460.o(RESET) refers to hc32_ll_interrupts.o(i.IRQ011_Handler) for IRQ011_Handler
    startup_hc32f460.o(RESET) refers to hc32_ll_interrupts.o(i.IRQ012_Handler) for IRQ012_Handler
    startup_hc32f460.o(RESET) refers to hc32_ll_interrupts.o(i.IRQ013_Handler) for IRQ013_Handler
    startup_hc32f460.o(RESET) refers to hc32_ll_interrupts.o(i.IRQ014_Handler) for IRQ014_Handler
    startup_hc32f460.o(RESET) refers to hc32_ll_interrupts.o(i.IRQ015_Handler) for IRQ015_Handler
    startup_hc32f460.o(RESET) refers to hc32_ll_interrupts.o(i.IRQ016_Handler) for IRQ016_Handler
    startup_hc32f460.o(RESET) refers to hc32_ll_interrupts.o(i.IRQ017_Handler) for IRQ017_Handler
    startup_hc32f460.o(RESET) refers to hc32_ll_interrupts.o(i.IRQ018_Handler) for IRQ018_Handler
    startup_hc32f460.o(RESET) refers to hc32_ll_interrupts.o(i.IRQ019_Handler) for IRQ019_Handler
    startup_hc32f460.o(RESET) refers to hc32_ll_interrupts.o(i.IRQ020_Handler) for IRQ020_Handler
    startup_hc32f460.o(RESET) refers to hc32_ll_interrupts.o(i.IRQ021_Handler) for IRQ021_Handler
    startup_hc32f460.o(RESET) refers to hc32_ll_interrupts.o(i.IRQ022_Handler) for IRQ022_Handler
    startup_hc32f460.o(RESET) refers to hc32_ll_interrupts.o(i.IRQ023_Handler) for IRQ023_Handler
    startup_hc32f460.o(RESET) refers to hc32_ll_interrupts.o(i.IRQ024_Handler) for IRQ024_Handler
    startup_hc32f460.o(RESET) refers to hc32_ll_interrupts.o(i.IRQ025_Handler) for IRQ025_Handler
    startup_hc32f460.o(RESET) refers to hc32_ll_interrupts.o(i.IRQ026_Handler) for IRQ026_Handler
    startup_hc32f460.o(RESET) refers to hc32_ll_interrupts.o(i.IRQ027_Handler) for IRQ027_Handler
    startup_hc32f460.o(RESET) refers to hc32_ll_interrupts.o(i.IRQ028_Handler) for IRQ028_Handler
    startup_hc32f460.o(RESET) refers to hc32_ll_interrupts.o(i.IRQ029_Handler) for IRQ029_Handler
    startup_hc32f460.o(RESET) refers to hc32_ll_interrupts.o(i.IRQ030_Handler) for IRQ030_Handler
    startup_hc32f460.o(RESET) refers to hc32_ll_interrupts.o(i.IRQ031_Handler) for IRQ031_Handler
    startup_hc32f460.o(RESET) refers to hc32_ll_interrupts.o(i.IRQ032_Handler) for IRQ032_Handler
    startup_hc32f460.o(RESET) refers to hc32_ll_interrupts.o(i.IRQ033_Handler) for IRQ033_Handler
    startup_hc32f460.o(RESET) refers to hc32_ll_interrupts.o(i.IRQ034_Handler) for IRQ034_Handler
    startup_hc32f460.o(RESET) refers to hc32_ll_interrupts.o(i.IRQ035_Handler) for IRQ035_Handler
    startup_hc32f460.o(RESET) refers to hc32_ll_interrupts.o(i.IRQ036_Handler) for IRQ036_Handler
    startup_hc32f460.o(RESET) refers to hc32_ll_interrupts.o(i.IRQ037_Handler) for IRQ037_Handler
    startup_hc32f460.o(RESET) refers to hc32_ll_interrupts.o(i.IRQ038_Handler) for IRQ038_Handler
    startup_hc32f460.o(RESET) refers to hc32_ll_interrupts.o(i.IRQ039_Handler) for IRQ039_Handler
    startup_hc32f460.o(RESET) refers to hc32_ll_interrupts.o(i.IRQ040_Handler) for IRQ040_Handler
    startup_hc32f460.o(RESET) refers to hc32_ll_interrupts.o(i.IRQ041_Handler) for IRQ041_Handler
    startup_hc32f460.o(RESET) refers to hc32_ll_interrupts.o(i.IRQ042_Handler) for IRQ042_Handler
    startup_hc32f460.o(RESET) refers to hc32_ll_interrupts.o(i.IRQ043_Handler) for IRQ043_Handler
    startup_hc32f460.o(RESET) refers to hc32_ll_interrupts.o(i.IRQ044_Handler) for IRQ044_Handler
    startup_hc32f460.o(RESET) refers to hc32_ll_interrupts.o(i.IRQ045_Handler) for IRQ045_Handler
[...]
    rt_init_mem                              0x0000d6bd   Thumb Code    26  rt_memory.o(i.rt_init_mem)
    rt_init_robin                            0x0000d6d9   Thumb Code    14  rt_robin.o(i.rt_init_robin)
    rt_init_stack                            0x0000d6f1   Thumb Code   118  hal_cm.o(i.rt_init_stack)
    rt_mbx_check                             0x0000d771   Thumb Code     8  rt_mailbox.o(i.rt_mbx_check)
    rt_mbx_init                              0x0000d779   Thumb Code    26  rt_mailbox.o(i.rt_mbx_init)
    rt_mbx_psh                               0x0000d795   Thumb Code   236  rt_mailbox.o(i.rt_mbx_psh)
    rt_mbx_wait                              0x0000d885   Thumb Code   174  rt_mailbox.o(i.rt_mbx_wait)
    rt_pop_req                               0x0000d97d   Thumb Code   112  rt_system.o(i.rt_pop_req)
    rt_psh_req                               0x0000d9f9   Thumb Code    22  rt_system.o(i.rt_psh_req)
    rt_psq_enq                               0x0000da19   Thumb Code    88  rt_list.o(i.rt_psq_enq)
    rt_put_dly                               0x0000da75   Thumb Code    68  rt_list.o(i.rt_put_dly)
    rt_put_prio                              0x0000dabd   Thumb Code    54  rt_list.o(i.rt_put_prio)
    rt_put_rdy_first                         0x0000daf5   Thumb Code    14  rt_list.o(i.rt_put_rdy_first)
    rt_resort_prio                           0x0000db09   Thumb Code    46  rt_list.o(i.rt_resort_prio)
    rt_ret_val                               0x0000db4d   Thumb Code    12  hal_cm.o(i.rt_ret_val)
    rt_ret_val2                              0x0000db59   Thumb Code    16  hal_cm.o(i.rt_ret_val2)
    rt_rmv_dly                               0x0000db69   Thumb Code    40  rt_list.o(i.rt_rmv_dly)
    rt_rmv_list                              0x0000db91   Thumb Code    44  rt_list.o(i.rt_rmv_list)
    rt_sem_psh                               0x0000dbc1   Thumb Code    48  rt_semaphore.o(i.rt_sem_psh)
    rt_stk_check                             0x0000dbf5   Thumb Code    28  rt_system.o(i.rt_stk_check)
    rt_switch_req                            0x0000dc19   Thumb Code    30  rt_task.o(i.rt_switch_req)
    rt_sys_init                              0x0000dc41   Thumb Code   138  rt_task.o(i.rt_sys_init)
    rt_sys_start                             0x0000dd0d   Thumb Code   110  rt_task.o(i.rt_sys_start)
    rt_systick                               0x0000dd85   Thumb Code    50  rt_system.o(i.rt_systick)
    rt_tsk_create                            0x0000de49   Thumb Code   118  rt_task.o(i.rt_tsk_create)
    rt_tsk_delete                            0x0000ded1   Thumb Code   352  rt_task.o(i.rt_tsk_delete)
    rt_tsk_prio                              0x0000e04d   Thumb Code   108  rt_task.o(i.rt_tsk_prio)
    rt_tsk_self                              0x0000e0c9   Thumb Code    12  rt_task.o(i.rt_tsk_self)
    rx8025t_GetDataTime                      0x0000e0d9   Thumb Code   200  rx8025t.o(i.rx8025t_GetDataTime)
    rx8025t_SetDate                          0x0000e1a5   Thumb Code   132  rx8025t.o(i.rx8025t_SetDate)
    rx8025t_SetTime                          0x0000e22d   Thumb Code    98  rx8025t.o(i.rx8025t_SetTime)
    rx8025t_test                             0x0000e295   Thumb Code     2  rx8025t.o(i.rx8025t_test)
    sqrtf                                    0x0000e2f9   Thumb Code    62  sqrtf.o(i.sqrtf)
    svcDelay                                 0x0000e337   Thumb Code    18  rt_cmsis.o(i.svcDelay)
    svcKernelInitialize                      0x0000e349   Thumb Code    80  rt_cmsis.o(i.svcKernelInitialize)
    svcKernelStart                           0x0000e3b9   Thumb Code    62  rt_cmsis.o(i.svcKernelStart)
    svcMessageCreate                         0x0000e401   Thumb Code    36  rt_cmsis.o(i.svcMessageCreate)
    svcMessageGet                            0x0000e425   Thumb Code    58  rt_cmsis.o(i.svcMessageGet)
    svcThreadCreate                          0x0000e461   Thumb Code    96  rt_cmsis.o(i.svcThreadCreate)
    svcThreadGetId                           0x0000e4cd   Thumb Code    22  rt_cmsis.o(i.svcThreadGetId)
    svcThreadTerminate                       0x0000e4e9   Thumb Code    50  rt_cmsis.o(i.svcThreadTerminate)
    svcTimerCall                             0x0000e521   Thumb Code    24  rt_cmsis.o(i.svcTimerCall)
    svcTimerCreate                           0x0000e539   Thumb Code    52  rt_cmsis.o(i.svcTimerCreate)
    svcTimerStart                            0x0000e571   Thumb Code    96  rt_cmsis.o(i.svcTimerStart)
    switch_dog_init                          0x0000e5d5   Thumb Code    54  gpio.o(i.switch_dog_init)
    sysTimerTick                             0x0000e60d   Thumb Code    84  rt_cmsis.o(i.sysTimerTick)
    os_thread_def_Thread_net                 0x0000e688   Data          16  net_thread.o(.constdata)
    os_thread_def_Thread_gps                 0x0000e698   Data          16  gps_thread.o(.constdata)
    os_thread_def_Thread_rtc                 0x0000e6a8   Data          16  rtc_thread.o(.constdata)
    os_thread_def_Thread_led_beep            0x0000e6b8   Data          16  led_beep_thread.o(.constdata)
    os_timer_def_Timer2                      0x0000e6c8   Data           8  timer.o(.constdata)
    os_maxtaskrun                            0x0000eeec   Data           2  rtx_conf_cm.o(.constdata)
    os_stackinfo                             0x0000eef0   Data           4  rtx_conf_cm.o(.constdata)
    os_rrobin                                0x0000eef4   Data           4  rtx_conf_cm.o(.constdata)
    os_tickfreq                              0x0000eef8   Data           4  rtx_conf_cm.o(.constdata)
    os_tickus_i                              0x0000eefc   Data           2  rtx_conf_cm.o(.constdata)
    os_tickus_f                              0x0000eefe   Data           2  rtx_conf_cm.o(.constdata)
    os_trv                                   0x0000ef00   Data           4  rtx_conf_cm.o(.constdata)
    os_flags                                 0x0000ef04   Data           1  rtx_conf_cm.o(.constdata)
    CMSIS_RTOS_API_Version                   0x0000ef08   Data           4  rtx_conf_cm.o(.constdata)
    CMSIS_RTOS_RTX_Version                   0x0000ef0c   Data           4  rtx_conf_cm.o(.constdata)
    os_clockrate                             0x0000ef10   Data           4  rtx_conf_cm.o(.constdata)
    os_timernum                              0x0000ef14   Data           4  rtx_conf_cm.o(.constdata)
    mp_tcb_size                              0x0000ef18   Data           2  rtx_conf_cm.o(.constdata)
    mp_stk_size                              0x0000ef1c   Data           4  rtx_conf_cm.o(.constdata)
    os_stack_sz                              0x0000ef20   Data           4  rtx_conf_cm.o(.constdata)
    os_fifo_size                             0x0000ef24   Data           1  rtx_conf_cm.o(.constdata)
    os_thread_def_osTimerThread              0x0000ef28   Data          16  rtx_conf_cm.o(.constdata)
    os_messageQ_def_osTimerMessageQ          0x0000ef38   Data           8  rtx_conf_cm.o(.constdata)
    mp_tmr_size                              0x0000ef40   Data           2  rtx_conf_cm.o(.constdata)
    os_thread_def_main                       0x0000ef44   Data          16  rtx_conf_cm.o(.constdata)
    __ctype_table                            0x0000f08c   Data         129  ctype_o.o(.constdata)
    Region$$Table$$Base                      0x0000f16c   Number         0  anon$$obj.o(Region$$Table)
    Region$$Table$$Limit                     0x0000f18c   Number         0  anon$$obj.o(Region$$Table)
    u32ICGValue                              0x00020400   Data          32  hc32_ll_icg.o(.ARM.__AT_0x00020400)
    SystemCoreClock                          0x1fff8000   Data           4  system_hc32f460.o(.data)
    HRC_VALUE                                0x1fff8004   Data           4  system_hc32f460.o(.data)
    led_Power_time                           0x1fff8008   Data           4  main.o(.data)
    main_tim                                 0x1fff800c   Data           4  main.o(.data)
    Feed_dog                                 0x1fff8010   Data           1  main.o(.data)
    tt                                       0x1fff8014   Data           4  main.o(.data)
    tt2                                      0x1fff8018   Data           1  main.o(.data)
    tid_Thread_net                           0x1fff8020   Data           4  net_thread.o(.data)
    temp_thr                                 0x1fff8024   Data           4  net_thread.o(.data)
    tid_Thread_gps                           0x1fff8028   Data           4  gps_thread.o(.data)
    gps_Factory_settings_state               0x1fff802c   Data           1  gps_thread.o(.data)
    temp_gps                                 0x1fff8030   Data           4  gps_thread.o(.data)
    gps_time_out                             0x1fff8034   Data           4  gps_thread.o(.data)
    gps_raw                                  0x1fff8038   Data         158  gps_port.o(.data)
    temp_time_t                              0x1fff80d8   Data           4  gps_port.o(.data)
    gps_data_switch                          0x1fff80dc   Data           1  gps_port.o(.data)
    tid_Thread_rtc                           0x1fff80e0   Data           4  rtc_thread.o(.data)
    temp_rtc                                 0x1fff80e4   Data           4  rtc_thread.o(.data)
    u8SecIntFlag                             0x1fff80e8   Data           1  rtc_port.o(.data)
    tid_Thread_led_beep                      0x1fff80ec   Data           4  led_beep_thread.o(.data)
    temp_led                                 0x1fff80f0   Data           4  led_beep_thread.o(.data)
    id2                                      0x1fff80fc   Data           4  timer.o(.data)
    temp_timer                               0x1fff8104   Data           4  timer.o(.data)
    timer_0A                                 0x1fff8108   Data           4  timer.o(.data)
    USART1_RX_num                            0x1fff810c   Data           4  usart.o(.data)
    USART1_RX_p                              0x1fff8110   Data           4  usart.o(.data)
    USART3_RX_num                            0x1fff8114   Data           4  usart.o(.data)
    USART3_RX_p                              0x1fff8118   Data           4  usart.o(.data)
    m_au8TxBuf                               0x1fff811e   Data        1024  usart.o(.data)
    m_au8Tx2Buf                              0x1fff851e   Data        1024  usart.o(.data)
    net_send_buffer                          0x1fff891e   Data        1024  usart.o(.data)
    global_timer                             0x1fff8d20   Data          64  common_c.o(.data)
    global_flag                              0x1fff8d60   Data         124  common_c.o(.data)
    global_device_info                       0x1fff8de0   Data         248  common_c.o(.data)
    global_device_config                     0x1fff8ed8   Data         100  common_c.o(.data)
    global_task_info                         0x1fff8f3c   Data          84  common_c.o(.data)
    global_mqtt_config                       0x1fff8f90   Data          48  common_c.o(.data)
    global_net_config                        0x1fff8fc0   Data        1668  common_c.o(.data)
    global_threshold                         0x1fff9648   Data          16  common_c.o(.data)
    global_upload_stack                      0x1fff9658   Data          20  common_c.o(.data)
    global_led_run                           0x1fff966c   Data           8  common_c.o(.data)
    global_ftp_config                        0x1fff9674   Data         928  common_c.o(.data)
    ang_z_f                                  0x1fff9e3c   Data           4  ins.o(.data)
    dqw                                      0x1fff9e40   Data           4  ins.o(.data)
    dqx                                      0x1fff9e44   Data           4  ins.o(.data)
    dqy                                      0x1fff9e48   Data           4  ins.o(.data)
    dqz                                      0x1fff9e4c   Data           4  ins.o(.data)
    mag_ang_z                                0x1fff9e50   Data           4  ins.o(.data)
    ang_z                                    0x1fff9e54   Data           4  ins.o(.data)
    tmp_ang_z                                0x1fff9e58   Data           4  ins.o(.data)
    gyr_z_int                                0x1fff9e5c   Data           4  ins.o(.data)
    ins_num                                  0x1fff9e60   Data           4  ins.o(.data)
    kf_start                                 0x1fff9e64   Data           4  ins.o(.data)
    tmp_roll                                 0x1fff9e68   Data           4  ins.o(.data)
    tmp_pitch                                0x1fff9e6c   Data           4  ins.o(.data)
    tmp_yaw                                  0x1fff9e70   Data           4  ins.o(.data)
    pos_e                                    0x1fff9e74   Data           4  ins.o(.data)
    pos_n                                    0x1fff9e78   Data           4  ins.o(.data)
    pos_u                                    0x1fff9e7c   Data           4  ins.o(.data)
    data_buf                                 0x1fff9e84   Data           4  data_buf.o(.data)
    imu_threshold                            0x1fff9e88   Data          16  data_buf.o(.data)
    osThreadId_osTimerThread                 0x1fff9e98   Data           4  rtx_conf_cm.o(.data)
    osMessageQId_osTimerMessageQ             0x1fff9e9c   Data           4  rtx_conf_cm.o(.data)
    os_tmr                                   0x1fff9ea0   Data           4  rtx_conf_cm.o(.data)
    m_tmr                                    0x1fff9ea4   Data           4  rtx_conf_cm.o(.data)
    os_initialized                           0x1fff9ea8   Data           1  rt_cmsis.o(.data)
    os_running                               0x1fff9ea9   Data           1  rt_cmsis.o(.data)
    os_timer_head                            0x1fff9eac   Data           4  rt_cmsis.o(.data)
    os_tsk                                   0x1fff9eb0   Data           8  rt_task.o(.data)
    os_tick_irqn                             0x1fff9ebc   Data           4  rt_system.o(.data)
    os_time                                  0x1fff9ec0   Data           4  rt_time.o(.data)
    dbg_msg                                  0x1fff9ec4   Data           1  hal_cm.o(.data)
    os_robin                                 0x1fff9ec8   Data           8  rt_robin.o(.data)
    __stdout                                 0x1fff9ed0   Data           4  stdout.o(.data)
    imu_class                                0x1fff9ed8   Data         196  main.o(.bss)
    ins_class                                0x1fff9f9c   Data         456  main.o(.bss)
    data_buf_class                           0x1fffa164   Data         172  main.o(.bss)
    id                                       0x1fffa210   Data          12  main.o(.bss)
    gps_recv_buf                             0x1fffa41c   Data        1024  gps_thread.o(.bss)
    gps_ripe                                 0x1fffa8a0   Data          80  gps_port.o(.bss)
    temp_tm                                  0x1fffa8f0   Data          44  gps_port.o(.bss)
    gps_info                                 0x1fffa920   Data          80  gps_port.o(.bss)
    cmd_recv_buffer                          0x1fffa988   Data        1024  usart.o(.bss)
    usart3_recv_buffer                       0x1fffad88   Data        1024  usart.o(.bss)
    global_gps_out                           0x1fffb1f8   Data          96  common_c.o(.bss)
    global_sleep                             0x1fffb258   Data          36  common_c.o(.bss)
    global_rtc_set_time                      0x1fffb27c   Data          12  common_c.o(.bss)
    global_remote_upgrade_info               0x1fffb288   Data         452  common_c.o(.bss)
    global_upload_data                       0x1fffb450   Data         136  common_c.o(.bss)
    global_upload_pool                       0x1fffb4d8   Data        6800  common_c.o(.bss)
    global_local_log_vibration               0x1fffcf68   Data        3424  common_c.o(.bss)
    flash_save_device_info                   0x1fffdcc8   Data         600  common_c.o(.bss)
    bod_ang                                  0x1fffdf20   Data          36  ins.o(.bss)
    totalgyr                                 0x1fffdf44   Data          12  ins.o(.bss)
    dcm                                      0x1fffdf50   Data          36  ins.o(.bss)
    imu_data                                 0x1fffdf74   Data          16  data_buf.o(.bss)
    mp_tcb                                   0x1fffdf88   Data         376  rtx_conf_cm.o(.bss)
    mp_stk                                   0x1fffe100   Data       49168  rtx_conf_cm.o(.bss)
    os_stack_mem                             0x2000a110   Data        2232  rtx_conf_cm.o(.bss)
    os_fifo                                  0x2000a9c8   Data         132  rtx_conf_cm.o(.bss)
    os_active_TCB                            0x2000aa4c   Data          28  rtx_conf_cm.o(.bss)
    os_messageQ_q_osTimerMessageQ            0x2000aa68   Data          32  rtx_conf_cm.o(.bss)
    os_idle_TCB                              0x2000aa88   Data          52  rt_task.o(.bss)
    os_rdy                                   0x2000aabc   Data          24  rt_list.o(.bss)
    os_dly                                   0x2000aad4   Data          24  rt_list.o(.bss)
    __initial_sp                             0x2000bb18   Data           0  startup_hc32f460.o(STACK)



==============================================================================

Memory Map of the image

  Image Entry point : 0x00000281

  Load Region LR_IROM1 (Base: 0x00000000, Size: 0x000222f8, Max: 0x00080000, ABSOLUTE, COMPRESSED[0x00020670])

    Execution Region ER_IROM1 (Exec base: 0x00000000, Load base: 0x00000000, Size: 0x00020420, Max: 0x00080000, ABSOLUTE)

    Exec Addr    Load Addr    Size         Type   Attr      Idx    E Section Name        Object

    0x00000000   0x00000000   0x00000280   Data   RO            3    RESET               startup_hc32f460.o
    0x00000280   0x00000280   0x00000000   Code   RO         7467  * .ARM.Collect$$$$00000000  mc_w.l(entry.o)
    0x00000280   0x00000280   0x00000004   Code   RO         7864    .ARM.Collect$$$$00000001  mc_w.l(entry2.o)
    0x00000284   0x00000284   0x00000004   Code   RO         7867    .ARM.Collect$$$$00000004  mc_w.l(entry5.o)
    0x00000288   0x00000288   0x00000000   Code   RO         7869    .ARM.Collect$$$$00000008  mc_w.l(entry7b.o)
    0x00000288   0x00000288   0x00000000   Code   RO         7871    .ARM.Collect$$$$0000000A  mc_w.l(entry8b.o)
    0x00000288   0x00000288   0x00000004   Code   RO         7877    .ARM.Collect$$$$0000000E  mc_w.l(entry12b.o)
    0x0000028c   0x0000028c   0x00000000   Code   RO         7872    .ARM.Collect$$$$0000000F  mc_w.l(entry10a.o)
    0x0000028c   0x0000028c   0x00000000   Code   RO         7874    .ARM.Collect$$$$00000011  mc_w.l(entry11a.o)
    0x0000028c   0x0000028c   0x00000018   Code   RO         6094    .ARM.Collect$$$$000000FF  rtx_conf_cm.o
    0x000002a4   0x000002a4   0x00000004   Code   RO         7865    .ARM.Collect$$$$00002712  mc_w.l(entry2.o)
    0x000002a8   0x000002a8   0x00000198   Code   RO         7332    .emb_text           RTX_CM4.lib(hal_cm4.o)
    0x00000440   0x00000440   0x00000058   Code   RO            4    .text               startup_hc32f460.o
    0x00000498   0x00000498   0x00000062   Code   RO         7470    .text               mc_w.l(uldiv.o)
    0x000004fa   0x000004fa   0x00000002   PAD
    0x000004fc   0x000004fc   0x000000a8   Code   RO         7476    .text               mc_w.l(mktime.o)
    0x000005a4   0x000005a4   0x00000024   Code   RO         7479    .text               mc_w.l(memcpya.o)
    0x000005c8   0x000005c8   0x00000024   Code   RO         7481    .text               mc_w.l(memseta.o)
    0x000005ec   0x000005ec   0x00000024   Code   RO         7485    .text               mc_w.l(strstr.o)
    0x00000610   0x00000610   0x0000000e   Code   RO         7487    .text               mc_w.l(strlen.o)
    0x0000061e   0x0000061e   0x00000002   PAD
    0x00000620   0x00000620   0x00000038   Code   RO         7754    .text               mc_w.l(__0sscanf.o)
    0x00000658   0x00000658   0x0000014c   Code   RO         7756    .text               mc_w.l(_scanf_int.o)
    0x000007a4   0x000007a4   0x000000e0   Code   RO         7758    .text               mc_w.l(_scanf_str.o)
    0x00000884   0x00000884   0x0000001a   Code   RO         7760    .text               mc_w.l(atoi.o)
    0x0000089e   0x0000089e   0x0000014e   Code   RO         7762    .text               mf_w.l(dadd.o)
    0x000009ec   0x000009ec   0x000000e4   Code   RO         7764    .text               mf_w.l(dmul.o)
    0x00000ad0   0x00000ad0   0x000000de   Code   RO         7766    .text               mf_w.l(ddiv.o)
    0x00000bae   0x00000bae   0x00000022   Code   RO         7768    .text               mf_w.l(dflti.o)
    0x00000bd0   0x00000bd0   0x0000001a   Code   RO         7770    .text               mf_w.l(dfltui.o)
    0x00000bea   0x00000bea   0x00000018   Code   RO         7772    .text               mf_w.l(dfltul.o)
    0x00000c02   0x00000c02   0x0000003e   Code   RO         7774    .text               mf_w.l(dfixi.o)
    0x00000c40   0x00000c40   0x00000026   Code   RO         7778    .text               mf_w.l(f2d.o)
    0x00000c66   0x00000c66   0x00000002   PAD
    0x00000c68   0x00000c68   0x00000030   Code   RO         7780    .text               mf_w.l(cdcmple.o)
    0x00000c98   0x00000c98   0x00000030   Code   RO         7782    .text               mf_w.l(cdrcmple.o)
    0x00000cc8   0x00000cc8   0x00000038   Code   RO         7784    .text               mf_w.l(d2f.o)
    0x00000d00   0x00000d00   0x0000002c   Code   RO         7879    .text               mc_w.l(uidiv.o)
    0x00000d2c   0x00000d2c   0x0000001e   Code   RO         7881    .text               mc_w.l(llshl.o)
    0x00000d4a   0x00000d4a   0x00000020   Code   RO         7883    .text               mc_w.l(llushr.o)
    0x00000d6a   0x00000d6a   0x00000024   Code   RO         7885    .text               mc_w.l(llsshr.o)
    0x00000d8e   0x00000d8e   0x00000002   PAD
    0x00000d90   0x00000d90   0x0000000c   Code   RO         7887    .text               mc_w.l(localtime_w.o)
    0x00000d9c   0x00000d9c   0x0000008c   Code   RO         7890    .text               mc_w.l(localtime_i.o)
    0x00000e28   0x00000e28   0x0000001c   Code   RO         7900    .text               mc_w.l(_chval.o)
    0x00000e44   0x00000e44   0x00000028   Code   RO         7902    .text               mc_w.l(scanf_char.o)
    0x00000e6c   0x00000e6c   0x00000040   Code   RO         7904    .text               mc_w.l(_sgetc.o)
    0x00000eac   0x00000eac   0x0000009c   Code   RO         7906    .text               mc_w.l(strtod.o)
    0x00000f48   0x00000f48   0x00000070   Code   RO         7908    .text               mc_w.l(strtol.o)
    0x00000fb8   0x00000fb8   0x00000000   Code   RO         7910    .text               mc_w.l(iusefp.o)
    0x00000fb8   0x00000fb8   0x0000006e   Code   RO         7911    .text               mf_w.l(fepilogue.o)
    0x00001026   0x00001026   0x000000ba   Code   RO         7913    .text               mf_w.l(depilogue.o)
    0x000010e0   0x000010e0   0x000000a2   Code   RO         7917    .text               mf_w.l(dsqrt.o)
    0x00001182   0x00001182   0x00000030   Code   RO         7919    .text               mf_w.l(dfixul.o)
    0x000011b2   0x000011b2   0x00000002   PAD
    0x000011b4   0x000011b4   0x00000024   Code   RO         7921    .text               mc_w.l(init.o)
    0x000011d8   0x000011d8   0x00000008   Code   RO         7925    .text               mc_w.l(ctype_o.o)
    0x000011e0   0x000011e0   0x00000012   Code   RO         7947    .text               mc_w.l(isspace_o.o)
    0x000011f2   0x000011f2   0x00000002   PAD
    0x000011f4   0x000011f4   0x00000330   Code   RO         7953    .text               mc_w.l(_scanf.o)
    0x00001524   0x00001524   0x00000360   Code   RO         7955    .text               mc_w.l(scanf_fp.o)
    0x00001884   0x00001884   0x0000009e   Code   RO         7959    .text               mc_w.l(_strtoul.o)
    0x00001922   0x00001922   0x00000056   Code   RO         7972    .text               mc_w.l(__dczerorl2.o)
    0x00001978   0x00001978   0x00000004   Code   RO         7342    SVC_TABLE           RTX_CM4.lib(svc_table.o)
    0x0000197c   0x0000197c   0x0000000e   Code   RO           13    i.$Sub$$main        system_hc32f460.o
    0x0000198a   0x0000198a   0x00000002   PAD
    0x0000198c   0x0000198c   0x000000f0   Code   RO         3564    i.AOS_SetTriggerEventSrc  hc32_ll_aos.o
    0x00001a7c   0x00001a7c   0x000000c4   Code   RO         3986    i.BSP_CLK_Init      ev_hc32f460_lqfp100_v2.o
    0x00001b40   0x00001b40   0x00000028   Code   RO         3995    i.BSP_KEY_KEY10_IrqHandler  ev_hc32f460_lqfp100_v2.o
    0x00001b68   0x00001b68   0x00000024   Code   RO         4712    i.CENTER_BAT_init   gpio.o
    0x00001b8c   0x00001b8c   0x00000026   Code   RO         4713    i.CHARG_init        gpio.o
    0x00001bb2   0x00001bb2   0x00000016   Code   RO          622    i.CLK_Delay         hc32_ll_clk.o
    0x00001bc8   0x00001bc8   0x00000016   Code   RO          624    i.CLK_GetClockFreq  hc32_ll_clk.o
    0x00001bde   0x00001bde   0x00000002   PAD
    0x00001be0   0x00001be0   0x00000060   Code   RO          626    i.CLK_GetStableStatus  hc32_ll_clk.o
    0x00001c40   0x00001c40   0x000000c8   Code   RO          636    i.CLK_PLLCmd        hc32_ll_clk.o
    0x00001d08   0x00001d08   0x000002a4   Code   RO          637    i.CLK_PLLInit       hc32_ll_clk.o
    0x00001fac   0x00001fac   0x00000052   Code   RO          638    i.CLK_PLLStructInit  hc32_ll_clk.o
    0x00001ffe   0x00001ffe   0x00000014   Code   RO          642    i.CLK_SetClockDiv   hc32_ll_clk.o
    0x00002012   0x00002012   0x00000010   Code   RO          646    i.CLK_SetSysClockSrc  hc32_ll_clk.o
    0x00002022   0x00002022   0x00000030   Code   RO          650    i.CLK_WaitStable    hc32_ll_clk.o
    0x00002052   0x00002052   0x00000002   PAD
    0x00002054   0x00002054   0x000000c4   Code   RO          654    i.CLK_XtalCmd       hc32_ll_clk.o
    0x00002118   0x00002118   0x00000144   Code   RO          655    i.CLK_XtalInit      hc32_ll_clk.o
    0x0000225c   0x0000225c   0x0000001e   Code   RO          658    i.CLK_XtalStructInit  hc32_ll_clk.o
    0x0000227a   0x0000227a   0x00000002   PAD
    0x0000227c   0x0000227c   0x00000068   Code   RO         2739    i.ClockSync_CalculateDiv  hc32_ll_usart.o
    0x000022e4   0x000022e4   0x00000174   Code   RO         2740    i.ClockSync_CalculateDivFraction  hc32_ll_usart.o
    0x00002458   0x00002458   0x00000124   Code   RO         2741    i.ClockSync_CalculateDivInteger  hc32_ll_usart.o
    0x0000257c   0x0000257c   0x00000004   Code   RO         3034    i.DDL_AssertHandler  hc32_ll_utility.o
    0x00002580   0x00002580   0x00000040   Code   RO         3035    i.DDL_DelayMS       hc32_ll_utility.o
    0x000025c0   0x000025c0   0x00000040   Code   RO         3036    i.DDL_DelayUS       hc32_ll_utility.o
    0x00002600   0x00002600   0x00000200   Code   RO         3112    i.DMA_ChCmd         hc32_ll_dma.o
    0x00002800   0x00002800   0x0000007c   Code   RO         3114    i.DMA_ClearTransCompleteStatus  hc32_ll_dma.o
    0x0000287c   0x0000287c   0x0000006c   Code   RO         3115    i.DMA_Cmd           hc32_ll_dma.o
    0x000028e8   0x000028e8   0x00000080   Code   RO         3130    i.DMA_GetTransCount  hc32_ll_dma.o
    0x00002968   0x00002968   0x0000016c   Code   RO         3132    i.DMA_Init          hc32_ll_dma.o
    0x00002ad4   0x00002ad4   0x000000e4   Code   RO         3134    i.DMA_LlpInit       hc32_ll_dma.o
    0x00002bb8   0x00002bb8   0x00000014   Code   RO         3135    i.DMA_LlpStructInit  hc32_ll_dma.o
    0x00002bcc   0x00002bcc   0x00000084   Code   RO         3138    i.DMA_ReconfigCmd   hc32_ll_dma.o
    0x00002c50   0x00002c50   0x0000009c   Code   RO         3140    i.DMA_ReconfigLlpCmd  hc32_ll_dma.o
    0x00002cec   0x00002cec   0x000000c8   Code   RO         3144    i.DMA_SetBlockSize  hc32_ll_dma.o
    0x00002db4   0x00002db4   0x000000ac   Code   RO         3145    i.DMA_SetDestAddr   hc32_ll_dma.o
    0x00002e60   0x00002e60   0x000000ac   Code   RO         3152    i.DMA_SetSrcAddr    hc32_ll_dma.o
    0x00002f0c   0x00002f0c   0x000000b0   Code   RO         3154    i.DMA_SetTransCount  hc32_ll_dma.o
    0x00002fbc   0x00002fbc   0x00000022   Code   RO         3155    i.DMA_StructInit    hc32_ll_dma.o
    0x00002fde   0x00002fde   0x00000002   PAD
    0x00002fe0   0x00002fe0   0x0000009c   Code   RO         3156    i.DMA_TransCompleteIntCmd  hc32_ll_dma.o
    0x0000307c   0x0000307c   0x00000060   Code   RO         4551    i.DMA_receive_IT    usart.o
    0x000030dc   0x000030dc   0x00000048   Code   RO         4552    i.DMA_transfer_IT   usart.o
    0x00003124   0x00003124   0x000000b8   Code   RO          913    i.EFM_SetWaitCycle  hc32_ll_efm.o
    0x000031dc   0x000031dc   0x00000068   Code   RO         1284    i.EXTINT_ClearExtIntStatus  hc32_ll_interrupts.o
    0x00003244   0x00003244   0x0000009c   Code   RO         1093    i.FCG_Fcg0PeriphClockCmd  hc32_ll_fcg.o
    0x000032e0   0x000032e0   0x00000084   Code   RO         1094    i.FCG_Fcg1PeriphClockCmd  hc32_ll_fcg.o
    0x00003364   0x00003364   0x00000084   Code   RO         1095    i.FCG_Fcg2PeriphClockCmd  hc32_ll_fcg.o
    0x000033e8   0x000033e8   0x000001fc   Code   RO         1136    i.GPIO_Init         hc32_ll_gpio.o
    0x000035e4   0x000035e4   0x0000008c   Code   RO         1139    i.GPIO_ReadInputPins  hc32_ll_gpio.o
    0x00003670   0x00003670   0x00000088   Code   RO         1143    i.GPIO_ResetPins    hc32_ll_gpio.o
    0x000036f8   0x000036f8   0x000000b0   Code   RO         1144    i.GPIO_SetDebugPort  hc32_ll_gpio.o
    0x000037a8   0x000037a8   0x000000d8   Code   RO         1145    i.GPIO_SetFunc      hc32_ll_gpio.o
    0x00003880   0x00003880   0x00000088   Code   RO         1146    i.GPIO_SetPins      hc32_ll_gpio.o
    0x00003908   0x00003908   0x00000090   Code   RO         1147    i.GPIO_SetReadWaitCycle  hc32_ll_gpio.o
    0x00003998   0x00003998   0x00000020   Code   RO         1149    i.GPIO_StructInit   hc32_ll_gpio.o
    0x000039b8   0x000039b8   0x0000001c   Code   RO         4210    i.GPS_data_init     gps_port.o
    0x000039d4   0x000039d4   0x00000108   Code   RO          659    i.GetClockFreq      hc32_ll_clk.o
    0x00003adc   0x00003adc   0x00000088   Code   RO         3593    i.I2C_AckConfig     hc32_ll_i2c.o
    0x00003b64   0x00003b64   0x00000084   Code   RO         3597    i.I2C_ClearStatus   hc32_ll_i2c.o
    0x00003be8   0x00003be8   0x00000080   Code   RO         3598    i.I2C_Cmd           hc32_ll_i2c.o
    0x00003c68   0x00003c68   0x00000068   Code   RO         3604    i.I2C_GenerateRestart  hc32_ll_i2c.o
    0x00003cd0   0x00003cd0   0x00000068   Code   RO         3605    i.I2C_GenerateStart  hc32_ll_i2c.o
    0x00003d38   0x00003d38   0x00000068   Code   RO         3606    i.I2C_GenerateStop  hc32_ll_i2c.o
    0x00003da0   0x00003da0   0x00000090   Code   RO         3607    i.I2C_GetStatus     hc32_ll_i2c.o
    0x00003e30   0x00003e30   0x000000c4   Code   RO         4852    i.I2C_Master_Receive_Simplified  bsp_i2c.o
    0x00003ef4   0x00003ef4   0x00000068   Code   RO         4853    i.I2C_Master_Transmit  bsp_i2c.o
    0x00003f5c   0x00003f5c   0x00000064   Code   RO         3611    i.I2C_ReadData      hc32_ll_i2c.o
    0x00003fc0   0x00003fc0   0x000000ec   Code   RO         3612    i.I2C_ReceiveData   hc32_ll_i2c.o
    0x000040ac   0x000040ac   0x00000084   Code   RO         3613    i.I2C_Restart       hc32_ll_i2c.o
    0x00004130   0x00004130   0x00000080   Code   RO         3619    i.I2C_SWResetCmd    hc32_ll_i2c.o
    0x000041b0   0x000041b0   0x00000090   Code   RO         3623    i.I2C_Start         hc32_ll_i2c.o
    0x00004240   0x00004240   0x00000094   Code   RO         3624    i.I2C_Stop          hc32_ll_i2c.o
    0x000042d4   0x000042d4   0x000000e8   Code   RO         3627    i.I2C_TransAddr     hc32_ll_i2c.o
    0x000043bc   0x000043bc   0x000000c4   Code   RO         3628    i.I2C_TransData     hc32_ll_i2c.o
    0x00004480   0x00004480   0x000000e0   Code   RO         3629    i.I2C_WaitStatus    hc32_ll_i2c.o
    0x00004560   0x00004560   0x00000068   Code   RO         3630    i.I2C_WriteData     hc32_ll_i2c.o
    0x000045c8   0x000045c8   0x000000e4   Code   RO         1290    i.INTC_IrqSignIn    hc32_ll_interrupts.o
    0x000046ac   0x000046ac   0x00000038   Code   RO         1291    i.INTC_IrqSignOut   hc32_ll_interrupts.o
    0x000046e4   0x000046e4   0x00000010   Code   RO         1295    i.IRQ000_Handler    hc32_ll_interrupts.o
    0x000046f4   0x000046f4   0x00000010   Code   RO         1296    i.IRQ001_Handler    hc32_ll_interrupts.o
    0x00004704   0x00004704   0x00000010   Code   RO         1297    i.IRQ002_Handler    hc32_ll_interrupts.o
    0x00004714   0x00004714   0x00000010   Code   RO         1298    i.IRQ003_Handler    hc32_ll_interrupts.o
    0x00004724   0x00004724   0x00000010   Code   RO         1299    i.IRQ004_Handler    hc32_ll_interrupts.o
    0x00004734   0x00004734   0x00000010   Code   RO         1300    i.IRQ005_Handler    hc32_ll_interrupts.o
    0x00004744   0x00004744   0x00000010   Code   RO         1301    i.IRQ006_Handler    hc32_ll_interrupts.o
    0x00004754   0x00004754   0x00000010   Code   RO         1302    i.IRQ007_Handler    hc32_ll_interrupts.o
    0x00004764   0x00004764   0x00000010   Code   RO         1303    i.IRQ008_Handler    hc32_ll_interrupts.o
    0x00004774   0x00004774   0x00000010   Code   RO         1304    i.IRQ009_Handler    hc32_ll_interrupts.o
    0x00004784   0x00004784   0x00000010   Code   RO         1305    i.IRQ010_Handler    hc32_ll_interrupts.o
    0x00004794   0x00004794   0x00000010   Code   RO         1306    i.IRQ011_Handler    hc32_ll_interrupts.o
    0x000047a4   0x000047a4   0x00000010   Code   RO         1307    i.IRQ012_Handler    hc32_ll_interrupts.o
    0x000047b4   0x000047b4   0x00000010   Code   RO         1308    i.IRQ013_Handler    hc32_ll_interrupts.o
    0x000047c4   0x000047c4   0x00000010   Code   RO         1309    i.IRQ014_Handler    hc32_ll_interrupts.o
    0x000047d4   0x000047d4   0x00000010   Code   RO         1310    i.IRQ015_Handler    hc32_ll_interrupts.o
    0x000047e4   0x000047e4   0x00000010   Code   RO         1311    i.IRQ016_Handler    hc32_ll_interrupts.o
    0x000047f4   0x000047f4   0x00000010   Code   RO         1312    i.IRQ017_Handler    hc32_ll_interrupts.o
    0x00004804   0x00004804   0x00000010   Code   RO         1313    i.IRQ018_Handler    hc32_ll_interrupts.o
    0x00004814   0x00004814   0x00000010   Code   RO         1314    i.IRQ019_Handler    hc32_ll_interrupts.o
    0x00004824   0x00004824   0x00000010   Code   RO         1315    i.IRQ020_Handler    hc32_ll_interrupts.o
    0x00004834   0x00004834   0x00000010   Code   RO         1316    i.IRQ021_Handler    hc32_ll_interrupts.o
    0x00004844   0x00004844   0x00000010   Code   RO         1317    i.IRQ022_Handler    hc32_ll_interrupts.o
    0x00004854   0x00004854   0x00000010   Code   RO         1318    i.IRQ023_Handler    hc32_ll_interrupts.o
    0x00004864   0x00004864   0x00000010   Code   RO         1319    i.IRQ024_Handler    hc32_ll_interrupts.o
    0x00004874   0x00004874   0x00000010   Code   RO         1320    i.IRQ025_Handler    hc32_ll_interrupts.o
    0x00004884   0x00004884   0x00000010   Code   RO         1321    i.IRQ026_Handler    hc32_ll_interrupts.o
    0x00004894   0x00004894   0x00000010   Code   RO         1322    i.IRQ027_Handler    hc32_ll_interrupts.o
    0x000048a4   0x000048a4   0x00000010   Code   RO         1323    i.IRQ028_Handler    hc32_ll_interrupts.o
    0x000048b4   0x000048b4   0x00000010   Code   RO         1324    i.IRQ029_Handler    hc32_ll_interrupts.o
    0x000048c4   0x000048c4   0x00000010   Code   RO         1325    i.IRQ030_Handler    hc32_ll_interrupts.o
    0x000048d4   0x000048d4   0x00000010   Code   RO         1326    i.IRQ031_Handler    hc32_ll_interrupts.o
    0x000048e4   0x000048e4   0x00000010   Code   RO         1327    i.IRQ032_Handler    hc32_ll_interrupts.o
    0x000048f4   0x000048f4   0x00000010   Code   RO         1328    i.IRQ033_Handler    hc32_ll_interrupts.o
    0x00004904   0x00004904   0x00000010   Code   RO         1329    i.IRQ034_Handler    hc32_ll_interrupts.o
    0x00004914   0x00004914   0x00000010   Code   RO         1330    i.IRQ035_Handler    hc32_ll_interrupts.o
    0x00004924   0x00004924   0x00000010   Code   RO         1331    i.IRQ036_Handler    hc32_ll_interrupts.o
    0x00004934   0x00004934   0x00000010   Code   RO         1332    i.IRQ037_Handler    hc32_ll_interrupts.o
    0x00004944   0x00004944   0x00000010   Code   RO         1333    i.IRQ038_Handler    hc32_ll_interrupts.o
    0x00004954   0x00004954   0x00000010   Code   RO         1334    i.IRQ039_Handler    hc32_ll_interrupts.o
    0x00004964   0x00004964   0x00000010   Code   RO         1335    i.IRQ040_Handler    hc32_ll_interrupts.o
    0x00004974   0x00004974   0x00000010   Code   RO         1336    i.IRQ041_Handler    hc32_ll_interrupts.o
    0x00004984   0x00004984   0x00000010   Code   RO         1337    i.IRQ042_Handler    hc32_ll_interrupts.o
    0x00004994   0x00004994   0x00000010   Code   RO         1338    i.IRQ043_Handler    hc32_ll_interrupts.o
    0x000049a4   0x000049a4   0x00000010   Code   RO         1339    i.IRQ044_Handler    hc32_ll_interrupts.o
    0x000049b4   0x000049b4   0x00000010   Code   RO         1340    i.IRQ045_Handler    hc32_ll_interrupts.o
    0x000049c4   0x000049c4   0x00000010   Code   RO         1341    i.IRQ046_Handler    hc32_ll_interrupts.o
    0x000049d4   0x000049d4   0x00000010   Code   RO         1342    i.IRQ047_Handler    hc32_ll_interrupts.o
    0x000049e4   0x000049e4   0x00000010   Code   RO         1343    i.IRQ048_Handler    hc32_ll_interrupts.o
    0x000049f4   0x000049f4   0x00000010   Code   RO         1344    i.IRQ049_Handler    hc32_ll_interrupts.o
    0x00004a04   0x00004a04   0x00000010   Code   RO         1345    i.IRQ050_Handler    hc32_ll_interrupts.o
    0x00004a14   0x00004a14   0x00000010   Code   RO         1346    i.IRQ051_Handler    hc32_ll_interrupts.o
    0x00004a24   0x00004a24   0x00000010   Code   RO         1347    i.IRQ052_Handler    hc32_ll_interrupts.o
    0x00004a34   0x00004a34   0x00000010   Code   RO         1348    i.IRQ053_Handler    hc32_ll_interrupts.o
    0x00004a44   0x00004a44   0x00000010   Code   RO         1349    i.IRQ054_Handler    hc32_ll_interrupts.o
    0x00004a54   0x00004a54   0x00000010   Code   RO         1350    i.IRQ055_Handler    hc32_ll_interrupts.o
    0x00004a64   0x00004a64   0x00000010   Code   RO         1351    i.IRQ056_Handler    hc32_ll_interrupts.o
    0x00004a74   0x00004a74   0x00000010   Code   RO         1352    i.IRQ057_Handler    hc32_ll_interrupts.o
    0x00004a84   0x00004a84   0x00000010   Code   RO         1353    i.IRQ058_Handler    hc32_ll_interrupts.o
    0x00004a94   0x00004a94   0x00000010   Code   RO         1354    i.IRQ059_Handler    hc32_ll_interrupts.o
    0x00004aa4   0x00004aa4   0x00000010   Code   RO         1355    i.IRQ060_Handler    hc32_ll_interrupts.o
    0x00004ab4   0x00004ab4   0x00000010   Code   RO         1356    i.IRQ061_Handler    hc32_ll_interrupts.o
    0x00004ac4   0x00004ac4   0x00000010   Code   RO         1357    i.IRQ062_Handler    hc32_ll_interrupts.o
    0x00004ad4   0x00004ad4   0x00000010   Code   RO         1358    i.IRQ063_Handler    hc32_ll_interrupts.o
    0x00004ae4   0x00004ae4   0x00000010   Code   RO         1359    i.IRQ064_Handler    hc32_ll_interrupts.o
    0x00004af4   0x00004af4   0x00000010   Code   RO         1360    i.IRQ065_Handler    hc32_ll_interrupts.o
    0x00004b04   0x00004b04   0x00000010   Code   RO         1361    i.IRQ066_Handler    hc32_ll_interrupts.o
    0x00004b14   0x00004b14   0x00000010   Code   RO         1362    i.IRQ067_Handler    hc32_ll_interrupts.o
    0x00004b24   0x00004b24   0x00000010   Code   RO         1363    i.IRQ068_Handler    hc32_ll_interrupts.o
    0x00004b34   0x00004b34   0x00000010   Code   RO         1364    i.IRQ069_Handler    hc32_ll_interrupts.o
    0x00004b44   0x00004b44   0x00000010   Code   RO         1365    i.IRQ070_Handler    hc32_ll_interrupts.o
    0x00004b54   0x00004b54   0x00000010   Code   RO         1366    i.IRQ071_Handler    hc32_ll_interrupts.o
    0x00004b64   0x00004b64   0x00000010   Code   RO         1367    i.IRQ072_Handler    hc32_ll_interrupts.o
    0x00004b74   0x00004b74   0x00000010   Code   RO         1368    i.IRQ073_Handler    hc32_ll_interrupts.o
    0x00004b84   0x00004b84   0x00000010   Code   RO         1369    i.IRQ074_Handler    hc32_ll_interrupts.o
    0x00004b94   0x00004b94   0x00000010   Code   RO         1370    i.IRQ075_Handler    hc32_ll_interrupts.o
    0x00004ba4   0x00004ba4   0x00000010   Code   RO         1371    i.IRQ076_Handler    hc32_ll_interrupts.o
    0x00004bb4   0x00004bb4   0x00000010   Code   RO         1372    i.IRQ077_Handler    hc32_ll_interrupts.o
    0x00004bc4   0x00004bc4   0x00000010   Code   RO         1373    i.IRQ078_Handler    hc32_ll_interrupts.o
    0x00004bd4   0x00004bd4   0x00000010   Code   RO         1374    i.IRQ079_Handler    hc32_ll_interrupts.o
    0x00004be4   0x00004be4   0x00000010   Code   RO         1375    i.IRQ080_Handler    hc32_ll_interrupts.o
    0x00004bf4   0x00004bf4   0x00000010   Code   RO         1376    i.IRQ081_Handler    hc32_ll_interrupts.o
    0x00004c04   0x00004c04   0x00000010   Code   RO         1377    i.IRQ082_Handler    hc32_ll_interrupts.o
    0x00004c14   0x00004c14   0x00000010   Code   RO         1378    i.IRQ083_Handler    hc32_ll_interrupts.o
    0x00004c24   0x00004c24   0x00000010   Code   RO         1379    i.IRQ084_Handler    hc32_ll_interrupts.o
    0x00004c34   0x00004c34   0x00000010   Code   RO         1380    i.IRQ085_Handler    hc32_ll_interrupts.o
    0x00004c44   0x00004c44   0x00000010   Code   RO         1381    i.IRQ086_Handler    hc32_ll_interrupts.o
    0x00004c54   0x00004c54   0x00000010   Code   RO         1382    i.IRQ087_Handler    hc32_ll_interrupts.o
    0x00004c64   0x00004c64   0x00000010   Code   RO         1383    i.IRQ088_Handler    hc32_ll_interrupts.o
    0x00004c74   0x00004c74   0x00000010   Code   RO         1384    i.IRQ089_Handler    hc32_ll_interrupts.o
    0x00004c84   0x00004c84   0x00000010   Code   RO         1385    i.IRQ090_Handler    hc32_ll_interrupts.o
    0x00004c94   0x00004c94   0x00000010   Code   RO         1386    i.IRQ091_Handler    hc32_ll_interrupts.o
    0x00004ca4   0x00004ca4   0x00000010   Code   RO         1387    i.IRQ092_Handler    hc32_ll_interrupts.o
    0x00004cb4   0x00004cb4   0x00000010   Code   RO         1388    i.IRQ093_Handler    hc32_ll_interrupts.o
    0x00004cc4   0x00004cc4   0x00000010   Code   RO         1389    i.IRQ094_Handler    hc32_ll_interrupts.o
    0x00004cd4   0x00004cd4   0x00000010   Code   RO         1390    i.IRQ095_Handler    hc32_ll_interrupts.o
    0x00004ce4   0x00004ce4   0x00000010   Code   RO         1391    i.IRQ096_Handler    hc32_ll_interrupts.o
    0x00004cf4   0x00004cf4   0x00000010   Code   RO         1392    i.IRQ097_Handler    hc32_ll_interrupts.o
    0x00004d04   0x00004d04   0x00000010   Code   RO         1393    i.IRQ098_Handler    hc32_ll_interrupts.o
    0x00004d14   0x00004d14   0x00000010   Code   RO         1394    i.IRQ099_Handler    hc32_ll_interrupts.o
    0x00004d24   0x00004d24   0x00000010   Code   RO         1395    i.IRQ100_Handler    hc32_ll_interrupts.o
    0x00004d34   0x00004d34   0x00000010   Code   RO         1396    i.IRQ101_Handler    hc32_ll_interrupts.o
    0x00004d44   0x00004d44   0x00000010   Code   RO         1397    i.IRQ102_Handler    hc32_ll_interrupts.o
    0x00004d54   0x00004d54   0x00000010   Code   RO         1398    i.IRQ103_Handler    hc32_ll_interrupts.o
    0x00004d64   0x00004d64   0x00000010   Code   RO         1399    i.IRQ104_Handler    hc32_ll_interrupts.o
    0x00004d74   0x00004d74   0x00000010   Code   RO         1400    i.IRQ105_Handler    hc32_ll_interrupts.o
    0x00004d84   0x00004d84   0x00000010   Code   RO         1401    i.IRQ106_Handler    hc32_ll_interrupts.o
    0x00004d94   0x00004d94   0x00000010   Code   RO         1402    i.IRQ107_Handler    hc32_ll_interrupts.o
    0x00004da4   0x00004da4   0x00000010   Code   RO         1403    i.IRQ108_Handler    hc32_ll_interrupts.o
    0x00004db4   0x00004db4   0x00000010   Code   RO         1404    i.IRQ109_Handler    hc32_ll_interrupts.o
    0x00004dc4   0x00004dc4   0x00000010   Code   RO         1405    i.IRQ110_Handler    hc32_ll_interrupts.o
    0x00004dd4   0x00004dd4   0x00000010   Code   RO         1406    i.IRQ111_Handler    hc32_ll_interrupts.o
    0x00004de4   0x00004de4   0x00000010   Code   RO         1407    i.IRQ112_Handler    hc32_ll_interrupts.o
    0x00004df4   0x00004df4   0x00000010   Code   RO         1408    i.IRQ113_Handler    hc32_ll_interrupts.o
    0x00004e04   0x00004e04   0x00000010   Code   RO         1409    i.IRQ114_Handler    hc32_ll_interrupts.o
    0x00004e14   0x00004e14   0x00000010   Code   RO         1410    i.IRQ115_Handler    hc32_ll_interrupts.o
    0x00004e24   0x00004e24   0x00000010   Code   RO         1411    i.IRQ116_Handler    hc32_ll_interrupts.o
    0x00004e34   0x00004e34   0x00000010   Code   RO         1412    i.IRQ117_Handler    hc32_ll_interrupts.o
    0x00004e44   0x00004e44   0x00000010   Code   RO         1413    i.IRQ118_Handler    hc32_ll_interrupts.o
    0x00004e54   0x00004e54   0x00000010   Code   RO         1414    i.IRQ119_Handler    hc32_ll_interrupts.o
    0x00004e64   0x00004e64   0x00000010   Code   RO         1415    i.IRQ120_Handler    hc32_ll_interrupts.o
    0x00004e74   0x00004e74   0x00000010   Code   RO         1416    i.IRQ121_Handler    hc32_ll_interrupts.o
    0x00004e84   0x00004e84   0x00000010   Code   RO         1417    i.IRQ122_Handler    hc32_ll_interrupts.o
    0x00004e94   0x00004e94   0x00000010   Code   RO         1418    i.IRQ123_Handler    hc32_ll_interrupts.o
    0x00004ea4   0x00004ea4   0x00000010   Code   RO         1419    i.IRQ124_Handler    hc32_ll_interrupts.o
    0x00004eb4   0x00004eb4   0x00000010   Code   RO         1420    i.IRQ125_Handler    hc32_ll_interrupts.o
    0x00004ec4   0x00004ec4   0x00000010   Code   RO         1421    i.IRQ126_Handler    hc32_ll_interrupts.o
    0x00004ed4   0x00004ed4   0x00000010   Code   RO         1422    i.IRQ127_Handler    hc32_ll_interrupts.o
    0x00004ee4   0x00004ee4   0x00000028   Code   RO         4165    i.Init_Thread_gps   gps_thread.o
    0x00004f0c   0x00004f0c   0x00000028   Code   RO         4367    i.Init_Thread_led_beep  led_beep_thread.o
    0x00004f34   0x00004f34   0x00000028   Code   RO         4101    i.Init_Thread_net   net_thread.o
    0x00004f5c   0x00004f5c   0x00000028   Code   RO         4283    i.Init_Thread_rtc   rtc_thread.o
    0x00004f84   0x00004f84   0x00000038   Code   RO         4499    i.Init_Timers       timer.o
    0x00004fbc   0x00004fbc   0x00000090   Code   RO          334    i.LL_PERIPH_WE      hc32_ll.o
    0x0000504c   0x0000504c   0x00000074   Code   RO         2213    i.PWC_HighSpeedToHighPerformance  hc32_ll_pwc.o
    0x000050c0   0x000050c0   0x00000018   Code   RO          337    i.PWC_REG_Unlock    hc32_ll.o
    0x000050d8   0x000050d8   0x00000064   Code   RO         4317    i.RTC_CalendarConfig  rtc_port.o
    0x0000513c   0x0000513c   0x00000050   Code   RO         3404    i.RTC_Cmd           hc32_ll_rtc.o
    0x0000518c   0x0000518c   0x000000e0   Code   RO         4318    i.RTC_Config        rtc_port.o
    0x0000526c   0x0000526c   0x00000090   Code   RO         3406    i.RTC_DeInit        hc32_ll_rtc.o
    0x000052fc   0x000052fc   0x00000064   Code   RO         3407    i.RTC_EnterRwMode   hc32_ll_rtc.o
    0x00005360   0x00005360   0x00000064   Code   RO         3408    i.RTC_ExitRwMode    hc32_ll_rtc.o
    0x000053c4   0x000053c4   0x00000010   Code   RO         3410    i.RTC_GetCounterState  hc32_ll_rtc.o
    0x000053d4   0x000053d4   0x000000cc   Code   RO         3411    i.RTC_GetDate       hc32_ll_rtc.o
    0x000054a0   0x000054a0   0x000000ec   Code   RO         3413    i.RTC_GetTime       hc32_ll_rtc.o
    0x0000558c   0x0000558c   0x00000144   Code   RO         3414    i.RTC_Init          hc32_ll_rtc.o
    0x000056d0   0x000056d0   0x00000088   Code   RO         3415    i.RTC_IntCmd        hc32_ll_rtc.o
    0x00005758   0x00005758   0x0000000c   Code   RO         4319    i.RTC_Period_IrqCallback  rtc_port.o
    0x00005764   0x00005764   0x000001d8   Code   RO         3421    i.RTC_SetDate       hc32_ll_rtc.o
    0x0000593c   0x0000593c   0x00000234   Code   RO         3423    i.RTC_SetTime       hc32_ll_rtc.o
    0x00005b70   0x00005b70   0x0000001e   Code   RO         3424    i.RTC_StructInit    hc32_ll_rtc.o
    0x00005b8e   0x00005b8e   0x00000002   PAD
    0x00005b90   0x00005b90   0x0000002c   Code   RO         4553    i.RX1_DMA_TC_IrqCallback  usart.o
    0x00005bbc   0x00005bbc   0x0000002e   Code   RO         4893    i.SPI_CS_init       icm20689.o
    0x00005bea   0x00005bea   0x00000002   PAD
    0x00005bec   0x00005bec   0x00000098   Code   RO         3840    i.SPI_Cmd           hc32_ll_spi.o
    0x00005c84   0x00005c84   0x00000094   Code   RO         3844    i.SPI_GetStatus     hc32_ll_spi.o
    0x00005d18   0x00005d18   0x000002ac   Code   RO         3845    i.SPI_Init          hc32_ll_spi.o
    0x00005fc4   0x00005fc4   0x0000006c   Code   RO         3850    i.SPI_ReadData      hc32_ll_spi.o
    0x00006030   0x00006030   0x0000002e   Code   RO         3854    i.SPI_StructInit    hc32_ll_spi.o
    0x0000605e   0x0000605e   0x00000002   PAD
    0x00006060   0x00006060   0x00000070   Code   RO         3860    i.SPI_WriteData     hc32_ll_spi.o
    0x000060d0   0x000060d0   0x000000ec   Code   RO         2553    i.SRAM_SetWaitCycle  hc32_ll_sram.o
    0x000061bc   0x000061bc   0x00000378   Code   RO          661    i.SetSysClockDiv    hc32_ll_clk.o
    0x00006534   0x00006534   0x00000150   Code   RO          662    i.SetSysClockSrc    hc32_ll_clk.o
    0x00006684   0x00006684   0x00000068   Code   RO         2742    i.SmartCard_CalculateDiv  hc32_ll_usart.o
    0x000066ec   0x000066ec   0x000001cc   Code   RO         2743    i.SmartCard_CalculateDivFraction  hc32_ll_usart.o
    0x000068b8   0x000068b8   0x00000170   Code   RO         2744    i.SmartCard_CalculateDivInteger  hc32_ll_usart.o
    0x00006a28   0x00006a28   0x00000074   Code   RO         4894    i.Spi_Config        icm20689.o
    0x00006a9c   0x00006a9c   0x000000cc   Code   RO           14    i.SystemCoreClockUpdate  system_hc32f460.o
    0x00006b68   0x00006b68   0x00000020   Code   RO           15    i.SystemInit        system_hc32f460.o
    0x00006b88   0x00006b88   0x00000080   Code   RO         2607    i.TMR0_ClearStatus  hc32_ll_tmr0.o
    0x00006c08   0x00006c08   0x0000004c   Code   RO         4500    i.TMR0_CompareIrqCallback  timer.o
    0x00006c54   0x00006c54   0x00000104   Code   RO         4501    i.TMR0_Config       timer.o
    0x00006d58   0x00006d58   0x000000ac   Code   RO         2615    i.TMR0_HWStopCondCmd  hc32_ll_tmr0.o
    0x00006e04   0x00006e04   0x00000154   Code   RO         2616    i.TMR0_Init         hc32_ll_tmr0.o
    0x00006f58   0x00006f58   0x000000a0   Code   RO         2617    i.TMR0_IntCmd       hc32_ll_tmr0.o
    0x00006ff8   0x00006ff8   0x0000007c   Code   RO         2623    i.TMR0_Start        hc32_ll_tmr0.o
    0x00007074   0x00007074   0x0000001a   Code   RO         2625    i.TMR0_StructInit   hc32_ll_tmr0.o
    0x0000708e   0x0000708e   0x00000002   PAD
    0x00007090   0x00007090   0x00000020   Code   RO         4556    i.TX1_DMA_TC_IrqCallback  usart.o
    0x000070b0   0x000070b0   0x00000144   Code   RO         4166    i.Thread_gps        gps_thread.o
    0x000071f4   0x000071f4   0x000001ec   Code   RO         4368    i.Thread_led_beep   led_beep_thread.o
    0x000073e0   0x000073e0   0x00000050   Code   RO         4102    i.Thread_net        net_thread.o
    0x00007430   0x00007430   0x000002b0   Code   RO         4284    i.Thread_rtc        rtc_thread.o
    0x000076e0   0x000076e0   0x000000a4   Code   RO         4502    i.Timer2_Callback   timer.o
    0x00007784   0x00007784   0x00000068   Code   RO         2745    i.UART_CalculateDiv  hc32_ll_usart.o
    0x000077ec   0x000077ec   0x000001b4   Code   RO         2746    i.UART_CalculateDivFraction  hc32_ll_usart.o
    0x000079a0   0x000079a0   0x00000154   Code   RO         2747    i.UART_CalculateDivInteger  hc32_ll_usart.o
    0x00007af4   0x00007af4   0x000001cc   Code   RO         4559    i.USART1_DMA_Config  usart.o
    0x00007cc0   0x00007cc0   0x00000024   Code   RO         4560    i.USART1_RxError_IrqCallback  usart.o
    0x00007ce4   0x00007ce4   0x0000001c   Code   RO         4561    i.USART1_TxComplete_IrqCallback  usart.o
    0x00007d00   0x00007d00   0x00000108   Code   RO         4562    i.USART1_init       usart.o
    0x00007e08   0x00007e08   0x000000b0   Code   RO         2748    i.USART_ClearStatus  hc32_ll_usart.o
    0x00007eb8   0x00007eb8   0x000000bc   Code   RO         2756    i.USART_FuncCmd     hc32_ll_usart.o
    0x00007f74   0x00007f74   0x0000001c   Code   RO         2757    i.USART_GetBusClockFreq  hc32_ll_usart.o
    0x00007f90   0x00007f90   0x0000009c   Code   RO         2760    i.USART_GetStatus   hc32_ll_usart.o
    0x0000802c   0x0000802c   0x0000008c   Code   RO         2761    i.USART_GetUsartClockFreq  hc32_ll_usart.o
    0x000080b8   0x000080b8   0x00000070   Code   RO         2764    i.USART_ReadData    hc32_ll_usart.o
    0x00008128   0x00008128   0x0000011c   Code   RO         2765    i.USART_SetBaudrate  hc32_ll_usart.o
    0x00008244   0x00008244   0x00000204   Code   RO         2780    i.USART_UART_Init   hc32_ll_usart.o
    0x00008448   0x00008448   0x0000002e   Code   RO         2782    i.USART_UART_StructInit  hc32_ll_usart.o
    0x00008476   0x00008476   0x0000001e   Code   RO         5269    i.Weekday_conv      rx8025t.o
    0x00008494   0x00008494   0x00000020   Code   RO         7726    i.__0printf         mc_w.l(printfa.o)
    0x000084b4   0x000084b4   0x00000030   Code   RO         7817    i.__ARM_fpclassify  m_wm.l(fpclassify.o)
    0x000084e4   0x000084e4   0x00000026   Code   RO         7819    i.__ARM_fpclassifyf  m_wm.l(fpclassifyf.o)
    0x0000850a   0x0000850a   0x00000002   PAD
    0x0000850c   0x0000850c   0x0000001c   Code   RO         4572    i.__NVIC_ClearPendingIRQ  usart.o
    0x00008528   0x00008528   0x00000022   Code   RO         4573    i.__NVIC_EnableIRQ  usart.o
    0x0000854a   0x0000854a   0x00000002   PAD
    0x0000854c   0x0000854c   0x00000028   Code   RO         4574    i.__NVIC_SetPriority  usart.o
    0x00008574   0x00008574   0x00000008   Code   RO         7893    i.__aeabi_errno_addr  mc_w.l(errno.o)
    0x0000857c   0x0000857c   0x0000012c   Code   RO         7359    i.__hardfp_asinf    m_wm.l(asinf.o)
    0x000086a8   0x000086a8   0x000002ac   Code   RO         7383    i.__hardfp_atan2f   m_wm.l(atan2f.o)
    0x00008954   0x00008954   0x00000004   PAD
    0x00008958   0x00008958   0x00000038   Code   RO         7395    i.__hardfp_atof     m_wm.l(atof.o)
    0x00008990   0x00008990   0x000000c8   Code   RO         7401    i.__hardfp_cos      m_wm.l(cos.o)
    0x00008a58   0x00008a58   0x00000014   Code   RO         7425    i.__hardfp_fabs     m_wm.l(fabs.o)
    0x00008a6c   0x00008a6c   0x00000004   PAD
    0x00008a70   0x00008a70   0x000000c8   Code   RO         7431    i.__hardfp_sin      m_wm.l(sin.o)
    0x00008b38   0x00008b38   0x0000007a   Code   RO         7455    i.__hardfp_sqrt     m_wm.l(sqrt.o)
    0x00008bb2   0x00008bb2   0x00000006   PAD
    0x00008bb8   0x00008bb8   0x00000438   Code   RO         7838    i.__ieee754_rem_pio2  m_wm.l(rred.o)
    0x00008ff0   0x00008ff0   0x00000170   Code   RO         7800    i.__kernel_cos      m_wm.l(cos_i.o)
    0x00009160   0x00009160   0x000000f8   Code   RO         7835    i.__kernel_poly     m_wm.l(poly.o)
    0x00009258   0x00009258   0x00000130   Code   RO         7846    i.__kernel_sin      m_wm.l(sin_i.o)
    0x00009388   0x00009388   0x00000014   Code   RO         7804    i.__mathlib_dbl_infnan  m_wm.l(dunder.o)
    0x0000939c   0x0000939c   0x00000004   PAD
    0x000093a0   0x000093a0   0x00000020   Code   RO         7806    i.__mathlib_dbl_invalid  m_wm.l(dunder.o)
    0x000093c0   0x000093c0   0x00000020   Code   RO         7809    i.__mathlib_dbl_underflow  m_wm.l(dunder.o)
    0x000093e0   0x000093e0   0x00000006   Code   RO         7822    i.__mathlib_flt_infnan  m_wm.l(funder.o)
    0x000093e6   0x000093e6   0x00000006   Code   RO         7823    i.__mathlib_flt_infnan2  m_wm.l(funder.o)
    0x000093ec   0x000093ec   0x00000010   Code   RO         7824    i.__mathlib_flt_invalid  m_wm.l(funder.o)
    0x000093fc   0x000093fc   0x00000010   Code   RO         7827    i.__mathlib_flt_underflow  m_wm.l(funder.o)
    0x0000940c   0x0000940c   0x0000000c   Code   RO         7894    i.__read_errno      mc_w.l(errno.o)
    0x00009418   0x00009418   0x0000000e   Code   RO         7966    i.__scatterload_copy  mc_w.l(handlers.o)
    0x00009426   0x00009426   0x00000002   Code   RO         7967    i.__scatterload_null  mc_w.l(handlers.o)
    0x00009428   0x00009428   0x0000000e   Code   RO         7968    i.__scatterload_zeroinit  mc_w.l(handlers.o)
    0x00009436   0x00009436   0x00000002   PAD
    0x00009438   0x00009438   0x0000000c   Code   RO         7895    i.__set_errno       mc_w.l(errno.o)
    0x00009444   0x00009444   0x00000184   Code   RO         7733    i._fp_digits        mc_w.l(printfa.o)
    0x000095c8   0x000095c8   0x00000046   Code   RO         7205    i._init_box         RTX_CM4.lib(rt_membox.o)
    0x0000960e   0x0000960e   0x0000000e   Code   RO         7957    i._is_digit         mc_w.l(scanf_fp.o)
    0x0000961c   0x0000961c   0x000006b4   Code   RO         7734    i._printf_core      mc_w.l(printfa.o)
    0x00009cd0   0x00009cd0   0x00000024   Code   RO         7735    i._printf_post_padding  mc_w.l(printfa.o)
    0x00009cf4   0x00009cf4   0x0000002e   Code   RO         7736    i._printf_pre_padding  mc_w.l(printfa.o)
    0x00009d22   0x00009d22   0x00000002   PAD
    0x00009d24   0x00009d24   0x00000034   Code   RO         5754    i.alt_use_gps_update  ins.o
    0x00009d58   0x00009d58   0x00000128   Code   RO         5325    i.arm_cos_f32       arm_cos_f32.o
    0x00009e80   0x00009e80   0x00000128   Code   RO         5360    i.arm_sin_f32       arm_sin_f32.o
    0x00009fa8   0x00009fa8   0x0000002c   Code   RO         5387    i.arm_sqrt_f32      fmath.o
    0x00009fd4   0x00009fd4   0x00000028   Code   RO         4402    i.beep              beep_port.o
    0x00009ffc   0x00009ffc   0x0000001a   Code   RO         4714    i.beep_gpio_init    gpio.o
    0x0000a016   0x0000a016   0x00000002   PAD
    0x0000a018   0x0000a018   0x000003b8   Code   RO         5755    i.bod_to_enu        ins.o
    0x0000a3d0   0x0000a3d0   0x000001b8   Code   RO         5756    i.calc_angle        ins.o
    0x0000a588   0x0000a588   0x0000041e   Code   RO         5757    i.calc_dcm          ins.o
    0x0000a9a6   0x0000a9a6   0x00000002   PAD
    0x0000a9a8   0x0000a9a8   0x0000041c   Code   RO         5758    i.calc_quat         ins.o
    0x0000adc4   0x0000adc4   0x0000002a   Code   RO         5388    i.cons              fmath.o
    0x0000adee   0x0000adee   0x00000002   PAD
    0x0000adf0   0x0000adf0   0x0000002c   Code   RO         6059    i.data_buf_init     data_buf.o
    0x0000ae1c   0x0000ae1c   0x00000160   Code   RO         6060    i.data_buf_run      data_buf.o
    0x0000af7c   0x0000af7c   0x00000030   Code   RO         7258    i.dbg_init          RTX_CM4.lib(hal_cm.o)
    0x0000afac   0x0000afac   0x00000020   Code   RO         7259    i.dbg_task_notify   RTX_CM4.lib(hal_cm.o)
    0x0000afcc   0x0000afcc   0x00000010   Code   RO         7260    i.dbg_task_switch   RTX_CM4.lib(hal_cm.o)
    0x0000afdc   0x0000afdc   0x000001c4   Code   RO         5759    i.enu_to_bod        ins.o
    0x0000b1a0   0x0000b1a0   0x00000018   Code   RO         7427    i.fabs              m_wm.l(fabs.o)
    0x0000b1b8   0x0000b1b8   0x0000002c   Code   RO           91    i.fputc             main.o
    0x0000b1e4   0x0000b1e4   0x00000020   Code   RO         4716    i.gpio_init         gpio.o
    0x0000b204   0x0000b204   0x00000114   Code   RO         4211    i.gps_analysis      gps_port.o
    0x0000b318   0x0000b318   0x00000418   Code   RO         5760    i.gps_cal_update    ins.o
    0x0000b730   0x0000b730   0x0000002e   Code   RO         4212    i.gps_checksum      gps_port.o
    0x0000b75e   0x0000b75e   0x00000002   PAD
    0x0000b760   0x0000b760   0x0000017c   Code   RO         4213    i.gps_config        gps_port.o
    0x0000b8dc   0x0000b8dc   0x00000164   Code   RO         5761    i.gps_err_update    ins.o
    0x0000ba40   0x0000ba40   0x000004dc   Code   RO         4214    i.gps_parse         gps_port.o
    0x0000bf1c   0x0000bf1c   0x0000001a   Code   RO         4717    i.gps_power_switch  gpio.o
    0x0000bf36   0x0000bf36   0x00000024   Code   RO         4718    i.gps_power_switch_gpio_init  gpio.o
    0x0000bf5a   0x0000bf5a   0x00000002   PAD
    0x0000bf5c   0x0000bf5c   0x00000060   Code   RO         4895    i.icm20689_get_adc  icm20689.o
    0x0000bfbc   0x0000bfbc   0x00000010   Code   RO         4896    i.icm20689_init     icm20689.o
    0x0000bfcc   0x0000bfcc   0x000000cc   Code   RO         4897    i.icm20689_read     icm20689.o
    0x0000c098   0x0000c098   0x0000003c   Code   RO         4898    i.icm_20689_data    icm20689.o
    0x0000c0d4   0x0000c0d4   0x00000074   Code   RO         4899    i.icm_20689_init    icm20689.o
    0x0000c148   0x0000c148   0x00000058   Code   RO         5860    i.imu_acc_lpf       imu.o
    0x0000c1a0   0x0000c1a0   0x0000020c   Code   RO         5861    i.imu_bis_cal       imu.o
    0x0000c3ac   0x0000c3ac   0x0000033c   Code   RO         5862    i.imu_dat_chk       imu.o
    0x0000c6e8   0x0000c6e8   0x000000c0   Code   RO         5863    i.imu_dgy_cal       imu.o
    0x0000c7a8   0x0000c7a8   0x00000058   Code   RO         5864    i.imu_dgy_lpf       imu.o
    0x0000c800   0x0000c800   0x00000058   Code   RO         5865    i.imu_gyr_lpf       imu.o
    0x0000c858   0x0000c858   0x0000002c   Code   RO         5866    i.imu_init          imu.o
    0x0000c884   0x0000c884   0x0000002c   Code   RO         5867    i.imu_rec_update    imu.o
    0x0000c8b0   0x0000c8b0   0x00000054   Code   RO         5868    i.imu_run           imu.o
    0x0000c904   0x0000c904   0x00000010   Code   RO         5762    i.init_quat         ins.o
    0x0000c914   0x0000c914   0x0000019c   Code   RO         5763    i.ins_init          ins.o
    0x0000cab0   0x0000cab0   0x00000028   Code   RO         5764    i.ins_run           ins.o
    0x0000cad8   0x0000cad8   0x0000002a   Code   RO         6132    i.isrMessageGet     RTX_CM4.lib(rt_cmsis.o)
    0x0000cb02   0x0000cb02   0x0000002c   Code   RO         6133    i.isrMessagePut     RTX_CM4.lib(rt_cmsis.o)
    0x0000cb2e   0x0000cb2e   0x00000002   PAD
    0x0000cb30   0x0000cb30   0x00000056   Code   RO         7051    i.isr_mbx_receive   RTX_CM4.lib(rt_mailbox.o)
    0x0000cb86   0x0000cb86   0x0000000e   Code   RO         7052    i.isr_mbx_send      RTX_CM4.lib(rt_mailbox.o)
    0x0000cb94   0x0000cb94   0x0000004a   Code   RO         4719    i.key_gpio_init     gpio.o
    0x0000cbde   0x0000cbde   0x00000002   Code   RO         4426    i.led_Power_indicator  led_port.o
    0x0000cbe0   0x0000cbe0   0x00000016   Code   RO         4427    i.led_Power_indicator_close  led_port.o
    0x0000cbf6   0x0000cbf6   0x0000005c   Code   RO         4462    i.led_beep_alarm    led_function.o
    0x0000cc52   0x0000cc52   0x00000056   Code   RO         4720    i.led_gpio_init     gpio.o
    0x0000cca8   0x0000cca8   0x000000a8   Code   RO         4463    i.led_run_blink     led_function.o
    0x0000cd50   0x0000cd50   0x00000078   Code   RO         4428    i.led_run_control   led_port.o
    0x0000cdc8   0x0000cdc8   0x0000000c   Code   RO         4464    i.led_run_mode      led_function.o
    0x0000cdd4   0x0000cdd4   0x00000094   Code   RO         5725    i.lpf_calc          lpf.o
    0x0000ce68   0x0000ce68   0x00000168   Code   RO           92    i.main              main.o
    0x0000cfd0   0x0000cfd0   0x00000012   Code   RO         5413    i.msb_uchar_to_short  fmath.o
    0x0000cfe2   0x0000cfe2   0x00000002   PAD
    0x0000cfe4   0x0000cfe4   0x00000040   Code   RO         5765    i.nav_acc_update    ins.o
    0x0000d024   0x0000d024   0x00000060   Code   RO         5766    i.nav_cor_update    ins.o
    0x0000d084   0x0000d084   0x000000cc   Code   RO         5414    i.nor_for           fmath.o
    0x0000d150   0x0000d150   0x000000a4   Code   RO         5415    i.nor_thr           fmath.o
    0x0000d1f4   0x0000d1f4   0x00000018   Code   RO         6136    i.osDelay           RTX_CM4.lib(rt_cmsis.o)
    0x0000d20c   0x0000d20c   0x00000024   Code   RO         6137    i.osKernelInitialize  RTX_CM4.lib(rt_cmsis.o)
    0x0000d230   0x0000d230   0x0000006c   Code   RO         6139    i.osKernelStart     RTX_CM4.lib(rt_cmsis.o)
    0x0000d29c   0x0000d29c   0x00000018   Code   RO         6148    i.osMessageGet      RTX_CM4.lib(rt_cmsis.o)
    0x0000d2b4   0x0000d2b4   0x0000002c   Code   RO         6165    i.osThreadCreate    RTX_CM4.lib(rt_cmsis.o)
    0x0000d2e0   0x0000d2e0   0x00000018   Code   RO         6166    i.osThreadExit      RTX_CM4.lib(rt_cmsis.o)
    0x0000d2f8   0x0000d2f8   0x0000000c   Code   RO         6172    i.osTimerCall       RTX_CM4.lib(rt_cmsis.o)
    0x0000d304   0x0000d304   0x0000002c   Code   RO         6173    i.osTimerCreate     RTX_CM4.lib(rt_cmsis.o)
    0x0000d330   0x0000d330   0x00000018   Code   RO         6175    i.osTimerStart      RTX_CM4.lib(rt_cmsis.o)
    0x0000d348   0x0000d348   0x0000002c   Code   RO         6177    i.osTimerThread     RTX_CM4.lib(rt_cmsis.o)
    0x0000d374   0x0000d374   0x00000022   Code   RO         6095    i.os_error          rtx_conf_cm.o
    0x0000d396   0x0000d396   0x00000004   Code   RO         6096    i.os_idle_demon     rtx_conf_cm.o
    0x0000d39a   0x0000d39a   0x00000002   PAD
    0x0000d39c   0x0000d39c   0x00000028   Code   RO         6839    i.os_tick_init      RTX_CM4.lib(rt_system.o)
    0x0000d3c4   0x0000d3c4   0x00000002   Code   RO         6840    i.os_tick_irqack    RTX_CM4.lib(rt_system.o)
    0x0000d3c6   0x0000d3c6   0x00000002   PAD
    0x0000d3c8   0x0000d3c8   0x00000044   Code   RO         4167    i.restart_usart2_recv  gps_thread.o
    0x0000d40c   0x0000d40c   0x0000001a   Code   RO         7206    i.rt_alloc_box      RTX_CM4.lib(rt_membox.o)
    0x0000d426   0x0000d426   0x0000003e   Code   RO         7234    i.rt_alloc_mem      RTX_CM4.lib(rt_memory.o)
    0x0000d464   0x0000d464   0x00000038   Code   RO         6754    i.rt_block          RTX_CM4.lib(rt_task.o)
    0x0000d49c   0x0000d49c   0x00000048   Code   RO         7311    i.rt_chk_robin      RTX_CM4.lib(rt_robin.o)
    0x0000d4e4   0x0000d4e4   0x00000070   Code   RO         6975    i.rt_dec_dly        RTX_CM4.lib(rt_list.o)
    0x0000d554   0x0000d554   0x00000044   Code   RO         6755    i.rt_dispatch       RTX_CM4.lib(rt_task.o)
    0x0000d598   0x0000d598   0x00000006   Code   RO         7141    i.rt_dly_wait       RTX_CM4.lib(rt_time.o)
    0x0000d59e   0x0000d59e   0x00000002   PAD
    0x0000d5a0   0x0000d5a0   0x00000050   Code   RO         6932    i.rt_evt_psh        RTX_CM4.lib(rt_event.o)
    0x0000d5f0   0x0000d5f0   0x0000002c   Code   RO         7207    i.rt_free_box       RTX_CM4.lib(rt_membox.o)
    0x0000d61c   0x0000d61c   0x00000028   Code   RO         7235    i.rt_free_mem       RTX_CM4.lib(rt_memory.o)
    0x0000d644   0x0000d644   0x00000028   Code   RO         6976    i.rt_get_first      RTX_CM4.lib(rt_list.o)
    0x0000d66c   0x0000d66c   0x00000008   Code   RO         6182    i.rt_id2obj         RTX_CM4.lib(rt_cmsis.o)
    0x0000d674   0x0000d674   0x00000048   Code   RO         6756    i.rt_init_context   RTX_CM4.lib(rt_task.o)
    0x0000d6bc   0x0000d6bc   0x0000001a   Code   RO         7236    i.rt_init_mem       RTX_CM4.lib(rt_memory.o)
    0x0000d6d6   0x0000d6d6   0x00000002   PAD
    0x0000d6d8   0x0000d6d8   0x00000018   Code   RO         7312    i.rt_init_robin     RTX_CM4.lib(rt_robin.o)
    0x0000d6f0   0x0000d6f0   0x00000080   Code   RO         7261    i.rt_init_stack     RTX_CM4.lib(hal_cm.o)
    0x0000d770   0x0000d770   0x00000008   Code   RO         7053    i.rt_mbx_check      RTX_CM4.lib(rt_mailbox.o)
    0x0000d778   0x0000d778   0x0000001a   Code   RO         7054    i.rt_mbx_init       RTX_CM4.lib(rt_mailbox.o)
    0x0000d792   0x0000d792   0x00000002   PAD
    0x0000d794   0x0000d794   0x000000f0   Code   RO         7055    i.rt_mbx_psh        RTX_CM4.lib(rt_mailbox.o)
    0x0000d884   0x0000d884   0x000000b4   Code   RO         7057    i.rt_mbx_wait       RTX_CM4.lib(rt_mailbox.o)
    0x0000d938   0x0000d938   0x00000044   Code   RO         6183    i.rt_ms2tick        RTX_CM4.lib(rt_cmsis.o)
    0x0000d97c   0x0000d97c   0x0000007c   Code   RO         6843    i.rt_pop_req        RTX_CM4.lib(rt_system.o)
    0x0000d9f8   0x0000d9f8   0x00000020   Code   RO         6844    i.rt_psh_req        RTX_CM4.lib(rt_system.o)
    0x0000da18   0x0000da18   0x0000005c   Code   RO         6978    i.rt_psq_enq        RTX_CM4.lib(rt_list.o)
    0x0000da74   0x0000da74   0x00000048   Code   RO         6979    i.rt_put_dly        RTX_CM4.lib(rt_list.o)
    0x0000dabc   0x0000dabc   0x00000036   Code   RO         6980    i.rt_put_prio       RTX_CM4.lib(rt_list.o)
    0x0000daf2   0x0000daf2   0x00000002   PAD
    0x0000daf4   0x0000daf4   0x00000014   Code   RO         6981    i.rt_put_rdy_first  RTX_CM4.lib(rt_list.o)
    0x0000db08   0x0000db08   0x00000034   Code   RO         6982    i.rt_resort_prio    RTX_CM4.lib(rt_list.o)
    0x0000db3c   0x0000db3c   0x00000010   Code   RO         7262    i.rt_ret_regs       RTX_CM4.lib(hal_cm.o)
    0x0000db4c   0x0000db4c   0x0000000c   Code   RO         7263    i.rt_ret_val        RTX_CM4.lib(hal_cm.o)
    0x0000db58   0x0000db58   0x00000010   Code   RO         7264    i.rt_ret_val2       RTX_CM4.lib(hal_cm.o)
    0x0000db68   0x0000db68   0x00000028   Code   RO         6983    i.rt_rmv_dly        RTX_CM4.lib(rt_list.o)
    0x0000db90   0x0000db90   0x00000030   Code   RO         6984    i.rt_rmv_list       RTX_CM4.lib(rt_list.o)
    0x0000dbc0   0x0000dbc0   0x00000034   Code   RO         7102    i.rt_sem_psh        RTX_CM4.lib(rt_semaphore.o)
    0x0000dbf4   0x0000dbf4   0x00000024   Code   RO         6846    i.rt_stk_check      RTX_CM4.lib(rt_system.o)
    0x0000dc18   0x0000dc18   0x00000028   Code   RO         6757    i.rt_switch_req     RTX_CM4.lib(rt_task.o)
    0x0000dc40   0x0000dc40   0x000000cc   Code   RO         6758    i.rt_sys_init       RTX_CM4.lib(rt_task.o)
    0x0000dd0c   0x0000dd0c   0x00000078   Code   RO         6759    i.rt_sys_start      RTX_CM4.lib(rt_task.o)
    0x0000dd84   0x0000dd84   0x00000040   Code   RO         6848    i.rt_systick        RTX_CM4.lib(rt_system.o)
    0x0000ddc4   0x0000ddc4   0x00000012   Code   RO         6184    i.rt_tid2ptcb       RTX_CM4.lib(rt_cmsis.o)
    0x0000ddd6   0x0000ddd6   0x00000002   PAD
    0x0000ddd8   0x0000ddd8   0x00000034   Code   RO         6185    i.rt_timer_insert   RTX_CM4.lib(rt_cmsis.o)
    0x0000de0c   0x0000de0c   0x0000003c   Code   RO         6186    i.rt_timer_remove   RTX_CM4.lib(rt_cmsis.o)
    0x0000de48   0x0000de48   0x00000088   Code   RO         6760    i.rt_tsk_create     RTX_CM4.lib(rt_task.o)
    0x0000ded0   0x0000ded0   0x0000017c   Code   RO         6761    i.rt_tsk_delete     RTX_CM4.lib(rt_task.o)
    0x0000e04c   0x0000e04c   0x0000007c   Code   RO         6763    i.rt_tsk_prio       RTX_CM4.lib(rt_task.o)
    0x0000e0c8   0x0000e0c8   0x00000010   Code   RO         6764    i.rt_tsk_self       RTX_CM4.lib(rt_task.o)
    0x0000e0d8   0x0000e0d8   0x000000cc   Code   RO         5270    i.rx8025t_GetDataTime  rx8025t.o
    0x0000e1a4   0x0000e1a4   0x00000088   Code   RO         5271    i.rx8025t_SetDate   rx8025t.o
    0x0000e22c   0x0000e22c   0x00000068   Code   RO         5272    i.rx8025t_SetTime   rx8025t.o
    0x0000e294   0x0000e294   0x00000002   Code   RO         5274    i.rx8025t_test      rx8025t.o
    0x0000e296   0x0000e296   0x00000002   PAD
    0x0000e298   0x0000e298   0x00000038   Code   RO         4900    i.spi_write_read    icm20689.o
    0x0000e2d0   0x0000e2d0   0x00000028   Code   RO         4901    i.spi_write_single_dat  icm20689.o
    0x0000e2f8   0x0000e2f8   0x0000003e   Code   RO         7854    i.sqrtf             m_wm.l(sqrtf.o)
    0x0000e336   0x0000e336   0x00000012   Code   RO         6187    i.svcDelay          RTX_CM4.lib(rt_cmsis.o)
    0x0000e348   0x0000e348   0x00000070   Code   RO         6188    i.svcKernelInitialize  RTX_CM4.lib(rt_cmsis.o)
    0x0000e3b8   0x0000e3b8   0x00000048   Code   RO         6190    i.svcKernelStart    RTX_CM4.lib(rt_cmsis.o)
    0x0000e400   0x0000e400   0x00000024   Code   RO         6193    i.svcMessageCreate  RTX_CM4.lib(rt_cmsis.o)
    0x0000e424   0x0000e424   0x0000003a   Code   RO         6194    i.svcMessageGet     RTX_CM4.lib(rt_cmsis.o)
    0x0000e45e   0x0000e45e   0x00000002   PAD
    0x0000e460   0x0000e460   0x0000006c   Code   RO         6208    i.svcThreadCreate   RTX_CM4.lib(rt_cmsis.o)
    0x0000e4cc   0x0000e4cc   0x0000001c   Code   RO         6209    i.svcThreadGetId    RTX_CM4.lib(rt_cmsis.o)
    0x0000e4e8   0x0000e4e8   0x00000038   Code   RO         6212    i.svcThreadTerminate  RTX_CM4.lib(rt_cmsis.o)
    0x0000e520   0x0000e520   0x00000018   Code   RO         6214    i.svcTimerCall      RTX_CM4.lib(rt_cmsis.o)
    0x0000e538   0x0000e538   0x00000038   Code   RO         6215    i.svcTimerCreate    RTX_CM4.lib(rt_cmsis.o)
    0x0000e570   0x0000e570   0x00000064   Code   RO         6217    i.svcTimerStart     RTX_CM4.lib(rt_cmsis.o)
    0x0000e5d4   0x0000e5d4   0x00000036   Code   RO         4721    i.switch_dog_init   gpio.o
    0x0000e60a   0x0000e60a   0x00000002   PAD
    0x0000e60c   0x0000e60c   0x0000005c   Code   RO         6223    i.sysTimerTick      RTX_CM4.lib(rt_cmsis.o)
    0x0000e668   0x0000e668   0x00000020   Data   RO         2787    .constdata          hc32_ll_usart.o
    0x0000e688   0x0000e688   0x00000010   Data   RO         4106    .constdata          net_thread.o
    0x0000e698   0x0000e698   0x00000010   Data   RO         4169    .constdata          gps_thread.o
    0x0000e6a8   0x0000e6a8   0x00000010   Data   RO         4285    .constdata          rtc_thread.o
    0x0000e6b8   0x0000e6b8   0x00000010   Data   RO         4369    .constdata          led_beep_thread.o
    0x0000e6c8   0x0000e6c8   0x00000008   Data   RO         4504    .constdata          timer.o
    0x0000e6d0   0x0000e6d0   0x00000410   Data   RO         5326    .constdata          arm_cos_f32.o
    0x0000eae0   0x0000eae0   0x0000040c   Data   RO         5361    .constdata          arm_sin_f32.o
    0x0000eeec   0x0000eeec   0x00000068   Data   RO         6098    .constdata          rtx_conf_cm.o
    0x0000ef54   0x0000ef54   0x0000000c   Data   RO         7477    .constdata          mc_w.l(mktime.o)
    0x0000ef60   0x0000ef60   0x00000030   Data   RO         7801    .constdata          m_wm.l(cos_i.o)
    0x0000ef90   0x0000ef90   0x000000c8   Data   RO         7840    .constdata          m_wm.l(rred.o)
    0x0000f058   0x0000f058   0x00000028   Data   RO         7847    .constdata          m_wm.l(sin_i.o)
    0x0000f080   0x0000f080   0x0000000c   Data   RO         7891    .constdata          mc_w.l(localtime_i.o)
    0x0000f08c   0x0000f08c   0x00000081   Data   RO         7926    .constdata          mc_w.l(ctype_o.o)
    0x0000f10d   0x0000f10d   0x00000003   PAD
    0x0000f110   0x0000f110   0x00000004   Data   RO         7927    .constdata          mc_w.l(ctype_o.o)
    0x0000f114   0x0000f114   0x00000056   Data   RO         4218    .conststring        gps_port.o
    0x0000f16a   0x0000f16a   0x00000002   PAD
    0x0000f16c   0x0000f16c   0x00000020   Data   RO         7964    Region$$Table       anon$$obj.o
    0x0000f18c   0x0000f18c   0x00011274   PAD
    0x00020400   0x00020400   0x00000020   Data   RO         1263    .ARM.__AT_0x00020400  hc32_ll_icg.o


    Execution Region RW_IRAM1 (Exec base: 0x1fff8000, Load base: 0x00020420, Size: 0x00013b18, Max: 0x0002f000, ABSOLUTE, COMPRESSED[0x00000250])

    Exec Addr    Load Addr    Size         Type   Attr      Idx    E Section Name        Object

    0x1fff8000   COMPRESSED   0x00000008   Data   RW           16    .data               system_hc32f460.o
    0x1fff8008   COMPRESSED   0x00000011   Data   RW           95    .data               main.o
    0x1fff8019   COMPRESSED   0x00000001   Data   RW         3157    .data               hc32_ll_dma.o
    0x1fff801a   COMPRESSED   0x00000002   PAD
    0x1fff801c   COMPRESSED   0x00000004   Data   RW         4003    .data               ev_hc32f460_lqfp100_v2.o
    0x1fff8020   COMPRESSED   0x00000008   Data   RW         4107    .data               net_thread.o
    0x1fff8028   COMPRESSED   0x00000010   Data   RW         4170    .data               gps_thread.o
    0x1fff8038   COMPRESSED   0x000000a5   Data   RW         4219    .data               gps_port.o
    0x1fff80dd   COMPRESSED   0x00000003   PAD
    0x1fff80e0   COMPRESSED   0x00000008   Data   RW         4286    .data               rtc_thread.o
    0x1fff80e8   COMPRESSED   0x00000001   Data   RW         4323    .data               rtc_port.o
    0x1fff80e9   COMPRESSED   0x00000003   PAD
    0x1fff80ec   COMPRESSED   0x00000008   Data   RW         4370    .data               led_beep_thread.o
    0x1fff80f4   COMPRESSED   0x00000008   Data   RW         4465    .data               led_function.o
    0x1fff80fc   COMPRESSED   0x00000010   Data   RW         4505    .data               timer.o
    0x1fff810c   COMPRESSED   0x00000c12   Data   RW         4576    .data               usart.o
    0x1fff8d1e   COMPRESSED   0x00000002   PAD
    0x1fff8d20   COMPRESSED   0x00000cf4   Data   RW         4983    .data               common_c.o
    0x1fff9a14   COMPRESSED   0x00000002   Data   RW         5275    .data               rx8025t.o
    0x1fff9a16   COMPRESSED   0x00000002   PAD
    0x1fff9a18   COMPRESSED   0x00000420   Data   RW         5726    .data               lpf.o
    0x1fff9e38   COMPRESSED   0x00000048   Data   RW         5769    .data               ins.o
    0x1fff9e80   COMPRESSED   0x00000004   Data   RW         5869    .data               imu.o
    0x1fff9e84   COMPRESSED   0x00000014   Data   RW         6062    .data               data_buf.o
    0x1fff9e98   COMPRESSED   0x00000010   Data   RW         6099    .data               rtx_conf_cm.o
    0x1fff9ea8   COMPRESSED   0x00000008   Data   RW         6226    .data               RTX_CM4.lib(rt_cmsis.o)
    0x1fff9eb0   COMPRESSED   0x00000008   Data   RW         6766    .data               RTX_CM4.lib(rt_task.o)
    0x1fff9eb8   COMPRESSED   0x00000008   Data   RW         6851    .data               RTX_CM4.lib(rt_system.o)
    0x1fff9ec0   COMPRESSED   0x00000004   Data   RW         7145    .data               RTX_CM4.lib(rt_time.o)
    0x1fff9ec4   COMPRESSED   0x00000001   Data   RW         7265    .data               RTX_CM4.lib(hal_cm.o)
    0x1fff9ec5   COMPRESSED   0x00000003   PAD
    0x1fff9ec8   COMPRESSED   0x00000008   Data   RW         7313    .data               RTX_CM4.lib(rt_robin.o)
    0x1fff9ed0   COMPRESSED   0x00000004   Data   RW         7878    .data               mc_w.l(stdout.o)
    0x1fff9ed4   COMPRESSED   0x00000004   Data   RW         7896    .data               mc_w.l(errno.o)
    0x1fff9ed8        -       0x00000344   Zero   RW           94    .bss                main.o
    0x1fffa21c        -       0x00000200   Zero   RW         1428    .bss                hc32_ll_interrupts.o
    0x1fffa41c        -       0x00000400   Zero   RW         4168    .bss                gps_thread.o
    0x1fffa81c   COMPRESSED   0x00000004   PAD
    0x1fffa820        -       0x00000150   Zero   RW         4217    .bss                gps_port.o
    0x1fffa970        -       0x00000018   Zero   RW         4503    .bss                timer.o
    0x1fffa988        -       0x00000860   Zero   RW         4575    .bss                usart.o
    0x1fffb1e8        -       0x0000000f   Zero   RW         4902    .bss                icm20689.o
    0x1fffb1f7   COMPRESSED   0x00000001   PAD
    0x1fffb1f8        -       0x00002d28   Zero   RW         4981    .bss                common_c.o
    0x1fffdf20        -       0x00000054   Zero   RW         5768    .bss                ins.o
    0x1fffdf74        -       0x00000010   Zero   RW         6061    .bss                data_buf.o
    0x1fffdf84   COMPRESSED   0x00000004   PAD
    0x1fffdf88        -       0x0000cb00   Zero   RW         6097    .bss                rtx_conf_cm.o
    0x2000aa88        -       0x00000034   Zero   RW         6765    .bss                RTX_CM4.lib(rt_task.o)
    0x2000aabc        -       0x00000030   Zero   RW         6985    .bss                RTX_CM4.lib(rt_list.o)
    0x2000aaec        -       0x0000002c   Zero   RW         7888    .bss                mc_w.l(localtime_w.o)
    0x2000ab18        -       0x00001000   Zero   RW            1    STACK               startup_hc32f460.o


==============================================================================

Image component sizes


      Code (inc. data)   RO Data    RW Data    ZI Data      Debug   Object Name

       296         18       1040          0          0      14062   arm_cos_f32.o
       296         18       1036          0          0       1642   arm_sin_f32.o
        40         10          0          0          0        495   beep_port.o
       300         10          0          0          0       2002   bsp_i2c.o
         0          0          0       3316      11560       9000   common_c.o
       396         32          0         20         16       2494   data_buf.o
       236         12          0          4          0       2178   ev_hc32f460_lqfp100_v2.o
       472         24          0          0          0      15908   fmath.o
       408          0          0          0          0       4930   gpio.o
      1974        244         86        165        336       6148   gps_port.o
       432         98         16         16       1024       2441   gps_thread.o
       168         32          0          0          0      17911   hc32_ll.o
       240         48          0          0          0        741   hc32_ll_aos.o
      3220        440          0          0          0      19409   hc32_ll_clk.o
      2682        696          0          1          0      14126   hc32_ll_dma.o
       184         58          0          0          0        707   hc32_ll_efm.o
       420        156          0          0          0       1991   hc32_ll_fcg.o
      1488        370          0          0          0       8910   hc32_ll_gpio.o
      2496        988          0          0          0      13457   hc32_ll_i2c.o
         0          0         32          0          0        606   hc32_ll_icg.o
      2436        702          0          0        512     100893   hc32_ll_interrupts.o
       116         48          0          0          0        581   hc32_ll_pwc.o
      2406        398          0          0          0       9969   hc32_ll_rtc.o
      1250        306          0          0          0       8025   hc32_ll_spi.o
       236         54          0          0          0        808   hc32_ll_sram.o
       950        286          0          0          0       5841   hc32_ll_tmr0.o
      4226        926         32          0          0      19277   hc32_ll_usart.o
       132         22          0          0          0       2088   hc32_ll_utility.o
       750         32          0          0         15       7070   icm20689.o
      1980         64          0          4          0       4829   imu.o
      6034        174          0         72         84       8699   ins.o
       532        142         16          8          0       1955   led_beep_thread.o
       272         12          0          8          0       1836   led_function.o
       144          0          0          0          0       1552   led_port.o
       148          6          0       1056          0       1167   lpf.o
       404         86          0         17        836      69692   main.o
       120         28         16          8          0      35248   net_thread.o
       336         42          0          1          0       2052   rtc_port.o
       728        108         16          8          0       1942   rtc_thread.o
        62          6        104         16      51968       7724   rtx_conf_cm.o
       476         14          0          2          0       3456   rx8025t.o
        88         20        640          0       4096        824   startup_hc32f460.o
       250         40          0          8          0     360130   system_hc32f460.o
       556         66          8         16         24       3350   timer.o
      1134        100          0       3090       2144      43063   usart.o

    ----------------------------------------------------------------------
     41552       6936      73336       7848      72624     841229   Object Totals
         0          0         32          0          0          0   (incl. Generated)
        38          0      70262         12          9          0   (incl. Padding)

    ----------------------------------------------------------------------

      Code (inc. data)   RO Data    RW Data    ZI Data      Debug   Library Member Name

       268         24          0          1          0       4440   hal_cm.o
       408         34          0          0          0        812   hal_cm4.o
      1436        170          0          8          0      39770   rt_cmsis.o
        80          4          0          0          0        697   rt_event.o
       530         34          0          0         48       8589   rt_list.o
       554         10          0          0          0       4177   rt_mailbox.o
       140          0          0          0          0       2033   rt_membox.o
       128          0          0          0          0       2411   rt_memory.o
        96         22          0          8          0       1230   rt_robin.o
        52          4          0          0          0        613   rt_semaphore.o
       298         52          0          8          0       6427   rt_system.o
      1216        174          0          8         52      10017   rt_task.o
         6          0          0          4          0        684   rt_time.o
         4          4          0          0          0        196   svc_table.o
       300         42          0          0          0        176   asinf.o
       684         90          0          0          0        208   atan2f.o
        56         12          0          0          0        132   atof.o
       200         20          0          0          0        164   cos.o
       368         46         48          0          0        200   cos_i.o
        84         16          0          0          0        372   dunder.o
        44          0          0          0          0        248   fabs.o
        48          0          0          0          0        124   fpclassify.o
        38          0          0          0          0        116   fpclassifyf.o
        44         12          0          0          0        464   funder.o
       248          0          0          0          0        152   poly.o
      1080        142        200          0          0        188   rred.o
       200         20          0          0          0        164   sin.o
       304         24         40          0          0        208   sin_i.o
       122          0          0          0          0        148   sqrt.o
        62          0          0          0          0        136   sqrtf.o
        56          8          0          0          0         84   __0sscanf.o
        86          0          0          0          0          0   __dczerorl2.o
        28          0          0          0          0         68   _chval.o
       816          6          0          0          0        112   _scanf.o
       332          0          0          0          0         96   _scanf_int.o
       224          0          0          0          0         96   _scanf_str.o
        64          0          0          0          0         84   _sgetc.o
       158          0          0          0          0         92   _strtoul.o
        26          0          0          0          0         80   atoi.o
         8          4        133          0          0         68   ctype_o.o
         0          0          0          0          0          0   entry.o
         0          0          0          0          0          0   entry10a.o
         0          0          0          0          0          0   entry11a.o
         4          0          0          0          0          0   entry12b.o
         8          4          0          0          0          0   entry2.o
         4          0          0          0          0          0   entry5.o
         0          0          0          0          0          0   entry7b.o
         0          0          0          0          0          0   entry8b.o
        32         16          0          4          0        204   errno.o
        30          0          0          0          0          0   handlers.o
        36          8          0          0          0         68   init.o
        18          0          0          0          0         76   isspace_o.o
         0          0          0          0          0          0   iusefp.o
        30          0          0          0          0         68   llshl.o
        36          0          0          0          0         68   llsshr.o
        32          0          0          0          0         68   llushr.o
       140          6         12          0          0         76   localtime_i.o
        12          6          0          0         44         68   localtime_w.o
        36          0          0          0          0         68   memcpya.o
        36          0          0          0          0        108   memseta.o
       168         18         12          0          0         80   mktime.o
      2218         90          0          0          0        464   printfa.o
        40          8          0          0          0         84   scanf_char.o
       878         12          0          0          0        216   scanf_fp.o
         0          0          0          4          0          0   stdout.o
        14          0          0          0          0         68   strlen.o
        36          0          0          0          0         80   strstr.o
       156         12          0          0          0        120   strtod.o
       112          0          0          0          0         88   strtol.o
        44          0          0          0          0         80   uidiv.o
        98          0          0          0          0         92   uldiv.o
        48          0          0          0          0         68   cdcmple.o
        48          0          0          0          0         68   cdrcmple.o
        56          0          0          0          0         88   d2f.o
       334          0          0          0          0        148   dadd.o
       222          0          0          0          0        100   ddiv.o
       186          0          0          0          0        176   depilogue.o
        62          0          0          0          0         80   dfixi.o
        48          0          0          0          0         68   dfixul.o
        34          0          0          0          0         76   dflti.o
        26          0          0          0          0         76   dfltui.o
        24          0          0          0          0         76   dfltul.o
       228          0          0          0          0         96   dmul.o
       162          0          0          0          0        100   dsqrt.o
        38          0          0          0          0         68   f2d.o
       110          0          0          0          0        168   fepilogue.o

    ----------------------------------------------------------------------
     16792       1158        448         48        144      89776   Library Totals
        52          4          3          3          0          0   (incl. Padding)

    ----------------------------------------------------------------------

      Code (inc. data)   RO Data    RW Data    ZI Data      Debug   Library Name

      5216        532          0         37        100      82096   RTX_CM4.lib
      3882        424        288          0          0       3200   m_wm.l
      6016        198        157          8         44       3024   mc_w.l
      1626          0          0          0          0       1456   mf_w.l

    ----------------------------------------------------------------------
     16792       1158        448         48        144      89776   Library Totals

    ----------------------------------------------------------------------

==============================================================================


      Code (inc. data)   RO Data    RW Data    ZI Data      Debug   

     58344       8094      73784       7896      72768     885645   Grand Totals
     58344       8094      73784        592      72768     885645   ELF Image Totals (compressed)
     58344       8094      73784        592          0          0   ROM Totals

==============================================================================

    Total RO  Size (Code + RO Data)               132128 ( 129.03kB)
    Total RW  Size (RW Data + ZI Data)             80664 (  78.77kB)
    Total ROM Size (Code + RO Data + RW Data)     132720 ( 129.61kB)

==============================================================================

